Archive member included to satisfy reference by file (symbol)

build/cooja/mtype31.a(simEnvChange.o)
                              build/cooja/mtype31.o (simDontFallAsleep)
build/cooja/mtype31.a(cooja_mt.o)
                              build/cooja/mtype31.o (cooja_mt_start)
build/cooja/mtype31.a(cooja_mtarch.o)
                              build/cooja/mtype31.a(cooja_mt.o) (cooja_mtarch_start)
build/cooja/mtype31.a(rtimer-arch.o)
                              build/cooja/mtype31.o (rtimer_arch_check)
build/cooja/mtype31.a(int-master.o)
                              external-light-sensor.o (int_master_read_and_disable)
build/cooja/mtype31.a(beep.o)
                              build/cooja/mtype31.o (beep_interface)
build/cooja/mtype31.a(leds-arch.o)
                              build/cooja/mtype31.o (leds_interface)
build/cooja/mtype31.a(moteid.o)
                              build/cooja/mtype31.o (moteid_interface)
build/cooja/mtype31.a(pir-sensor.o)
                              build/cooja/mtype31.o (pir_interface)
build/cooja/mtype31.a(rs232.o)
                              build/cooja/mtype31.o (rs232_interface)
build/cooja/mtype31.a(vib-sensor.o)
                              build/cooja/mtype31.o (vib_interface)
build/cooja/mtype31.a(clock.o)
                              build/cooja/mtype31.o (clock_interface)
build/cooja/mtype31.a(cooja-log.o)
                              build/cooja/mtype31.o (simlog_interface)
build/cooja/mtype31.a(cfs-cooja.o)
                              build/cooja/mtype31.o (cfs_interface)
build/cooja/mtype31.a(cooja-radio.o)
                              build/cooja/mtype31.o (radio_interface)
build/cooja/mtype31.a(eeprom.o)
                              build/cooja/mtype31.o (eeprom_interface)
build/cooja/mtype31.a(random.o)
                              build/cooja/mtype31.a(moteid.o) (random_init)
build/cooja/mtype31.a(sensors.o)
                              build/cooja/mtype31.a(pir-sensor.o) (sensors_changed)
build/cooja/mtype31.a(leds.o)
                              external-light-sensor.o (leds_single_on)
build/cooja/mtype31.a(gpio-hal-arch.o)
                              build/cooja/mtype31.a(leds-arch.o) (gpio_hal_arch_register_pin_callback)
build/cooja/mtype31.a(buttons.o)
                              build/cooja/mtype31.o (button_interface)
build/cooja/mtype31.a(res-external-se)
                              external-light-sensor.o (res_external_light_sensor)
build/cooja/mtype31.a(external-sensor)
                              build/cooja/mtype31.a(res-external-se) (ext_collect_data)
build/cooja/mtype31.a(coap-blocking-a)
                              external-light-sensor.o (coap_blocking_request)
build/cooja/mtype31.a(coap-engine.o)
                              external-light-sensor.o (coap_activate_resource)
build/cooja/mtype31.a(coap-res-well-k)
                              build/cooja/mtype31.a(coap-engine.o) (res_well_known_core)
build/cooja/mtype31.a(coap-observe.o)
                              build/cooja/mtype31.a(coap-engine.o) (coap_remove_observer_by_mid)
build/cooja/mtype31.a(coap-uip.o)
                              build/cooja/mtype31.a(coap-observe.o) (coap_endpoint_copy)
build/cooja/mtype31.a(coap-timer.o)
                              build/cooja/mtype31.a(coap-engine.o) (coap_timer_set)
build/cooja/mtype31.a(coap-transactio)
                              build/cooja/mtype31.a(coap-blocking-a) (coap_send_transaction)
build/cooja/mtype31.a(coap.o)
                              build/cooja/mtype31.a(coap-engine.o) (coap_status_code)
build/cooja/mtype31.a(contiki-main.o)
                              build/cooja/mtype31.o (main)
build/cooja/mtype31.a(autostart.o)
                              build/cooja/mtype31.a(contiki-main.o) (autostart_start)
build/cooja/mtype31.a(ctimer.o)
                              build/cooja/mtype31.a(contiki-main.o) (ctimer_init)
build/cooja/mtype31.a(log.o)  build/cooja/mtype31.a(contiki-main.o) (curr_log_level_main)
build/cooja/mtype31.a(energest.o)
                              build/cooja/mtype31.a(contiki-main.o) (energest_init)
build/cooja/mtype31.a(etimer.o)
                              build/cooja/mtype31.a(contiki-main.o) (etimer_process)
build/cooja/mtype31.a(node-id.o)
                              build/cooja/mtype31.a(contiki-main.o) (node_id)
build/cooja/mtype31.a(rtimer.o)
                              build/cooja/mtype31.a(contiki-main.o) (rtimer_init)
build/cooja/mtype31.a(process.o)
                              build/cooja/mtype31.a(coap-blocking-a) (process_current)
build/cooja/mtype31.a(timer.o)
                              build/cooja/mtype31.a(etimer.o) (timer_set)
build/cooja/mtype31.a(list.o)
                              build/cooja/mtype31.a(coap-engine.o) (list_init)
build/cooja/mtype31.a(memb.o)
                              build/cooja/mtype31.a(coap-observe.o) (memb_alloc)
build/cooja/mtype31.a(serial-line.o)
[...]
Memory Configuration

Name             Origin             Length             Attributes
*default*        0x0000000000000000 0xffffffffffffffff

Linker script and memory map

LOAD /usr/lib/gcc/i686-linux-gnu/5/../../../i386-linux-gnu/crti.o
LOAD /usr/lib/gcc/i686-linux-gnu/5/crtbeginS.o
LOAD external-light-sensor.o
LOAD build/cooja/mtype31.o
LOAD build/cooja/mtype31.a
LOAD /usr/lib/gcc/i686-linux-gnu/5/libgcc.a
LOAD /usr/lib/gcc/i686-linux-gnu/5/libgcc_s.so
LOAD /usr/lib/gcc/i686-linux-gnu/5/../../../i386-linux-gnu/libc.so
START GROUP
LOAD /lib/i386-linux-gnu/libc.so.6
LOAD /usr/lib/i386-linux-gnu/libc_nonshared.a
LOAD /lib/i386-linux-gnu/ld-linux.so.2
END GROUP
LOAD /usr/lib/gcc/i686-linux-gnu/5/libgcc.a
LOAD /usr/lib/gcc/i686-linux-gnu/5/libgcc_s.so
LOAD /usr/lib/gcc/i686-linux-gnu/5/crtendS.o
LOAD /usr/lib/gcc/i686-linux-gnu/5/../../../i386-linux-gnu/crtn.o
                0x0000000000000114                . = (0x0 + SIZEOF_HEADERS)

.note.gnu.build-id
                0x0000000000000114       0x24
 *(.note.gnu.build-id)
 .note.gnu.build-id
                0x0000000000000114       0x24 /usr/lib/gcc/i686-linux-gnu/5/../../../i386-linux-gnu/crti.o

.hash
 *(.hash)

.gnu.hash       0x0000000000000138     0x159c
 *(.gnu.hash)
 .gnu.hash      0x0000000000000138     0x159c /usr/lib/gcc/i686-linux-gnu/5/../../../i386-linux-gnu/crti.o

.dynsym         0x00000000000016d4     0x2f00
 *(.dynsym)
 .dynsym        0x00000000000016d4     0x2f00 /usr/lib/gcc/i686-linux-gnu/5/../../../i386-linux-gnu/crti.o

.dynstr         0x00000000000045d4     0x36c5
 *(.dynstr)
 .dynstr        0x00000000000045d4     0x36c5 /usr/lib/gcc/i686-linux-gnu/5/../../../i386-linux-gnu/crti.o

.gnu.version    0x0000000000007c9a      0x5e0
 *(.gnu.version)
 .gnu.version   0x0000000000007c9a      0x5e0 /usr/lib/gcc/i686-linux-gnu/5/../../../i386-linux-gnu/crti.o

.gnu.version_d  0x000000000000827c        0x0
 *(.gnu.version_d)
 .gnu.version_d
                0x000000000000827c        0x0 /usr/lib/gcc/i686-linux-gnu/5/../../../i386-linux-gnu/crti.o

.gnu.version_r  0x000000000000827c       0x40
 *(.gnu.version_r)
 .gnu.version_r
                0x000000000000827c       0x40 /usr/lib/gcc/i686-linux-gnu/5/../../../i386-linux-gnu/crti.o

.rel.dyn        0x00000000000082bc     0x9048
 *(.rel.init)
 .rel.init      0x00000000000082bc        0x0 /usr/lib/gcc/i686-linux-gnu/5/../../../i386-linux-gnu/crti.o
 *(.rel.text .rel.text.* .rel.gnu.linkonce.t.*)
 .rel.text      0x00000000000082bc     0x8690 /usr/lib/gcc/i686-linux-gnu/5/../../../i386-linux-gnu/crti.o
 *(.rel.fini)
 .rel.fini      0x000000000001094c        0x0 /usr/lib/gcc/i686-linux-gnu/5/../../../i386-linux-gnu/crti.o
 *(.rel.rodata .rel.rodata.* .rel.gnu.linkonce.r.*)
 .rel.rodata    0x000000000001094c      0x588 /usr/lib/gcc/i686-linux-gnu/5/../../../i386-linux-gnu/crti.o
 *(.rel.data.rel.ro .rel.data.rel.ro.* .rel.gnu.linkonce.d.rel.ro.*)
 *(.rel.data .rel.data.* .rel.gnu.linkonce.d.*)
 .rel.data.rel.local
                0x0000000000010ed4        0x8 /usr/lib/gcc/i686-linux-gnu/5/../../../i386-linux-gnu/crti.o
 .rel.data      0x0000000000010edc      0x3f0 /usr/lib/gcc/i686-linux-gnu/5/../../../i386-linux-gnu/crti.o
 *(.rel.tdata .rel.tdata.* .rel.gnu.linkonce.td.*)
 *(.rel.tbss .rel.tbss.* .rel.gnu.linkonce.tb.*)
 *(.rel.ctors)
 *(.rel.dtors)
 *(.rel.got)
 .rel.got       0x00000000000112cc       0x28 /usr/lib/gcc/i686-linux-gnu/5/../../../i386-linux-gnu/crti.o
 *(.rel.bss .rel.bss.* .rel.gnu.linkonce.b.*)
 *(.rel.ifunc)
 .rel.ifunc     0x00000000000112f4        0x0 /usr/lib/gcc/i686-linux-gnu/5/../../../i386-linux-gnu/crti.o
 .rel.fini_array
                0x00000000000112f4        0x8 /usr/lib/gcc/i686-linux-gnu/5/../../../i386-linux-gnu/crti.o
 .rel.init_array
                0x00000000000112fc        0x8 /usr/lib/gcc/i686-linux-gnu/5/../../../i386-linux-gnu/crti.o

.rel.plt        0x0000000000011304        0x0
 *(.rel.plt)
 .rel.plt       0x0000000000011304        0x0 /usr/lib/gcc/i686-linux-gnu/5/../../../i386-linux-gnu/crti.o
 *(.rel.iplt)

.init           0x0000000000011304       0x23
 *(SORT(.init))
 .init          0x0000000000011304       0x1e /usr/lib/gcc/i686-linux-gnu/5/../../../i386-linux-gnu/crti.o
                0x0000000000011304                _init
 .init          0x0000000000011322        0x5 /usr/lib/gcc/i686-linux-gnu/5/../../../i386-linux-gnu/crtn.o

.plt            0x0000000000011330       0x10
 *(.plt)
 .plt           0x0000000000011330       0x10 /usr/lib/gcc/i686-linux-gnu/5/../../../i386-linux-gnu/crti.o
 *(.iplt)

.plt.got        0x0000000000011340       0x10
 *(.plt.got)
 .plt.got       0x0000000000011340       0x10 /usr/lib/gcc/i686-linux-gnu/5/../../../i386-linux-gnu/crti.o

.text           0x0000000000011350    0x18502
 *(.text.unlikely .text.*_unlikely .text.unlikely.*)
 .text.unlikely
                0x0000000000011350        0x0 /usr/lib/gcc/i686-linux-gnu/5/crtbeginS.o
 .text.unlikely
                0x0000000000011350        0x0 /usr/lib/gcc/i686-linux-gnu/5/libgcc.a(_udivdi3.o)
 *(.text.exit .text.exit.*)
 *(.text.startup .text.startup.*)
 *(.text.hot .text.hot.*)
 *(.text .stub .text.* .gnu.linkonce.t.*)
 .text          0x0000000000011350        0x0 /usr/lib/gcc/i686-linux-gnu/5/../../../i386-linux-gnu/crti.o
 .gnu.linkonce.t.__x86.get_pc_thunk.bx
                0x0000000000011350        0x4 /usr/lib/gcc/i686-linux-gnu/5/../../../i386-linux-gnu/crti.o
                0x0000000000011350                __x86.get_pc_thunk.bx
 *fill*         0x0000000000011354        0xc 
 .text          0x0000000000011360      0x11c /usr/lib/gcc/i686-linux-gnu/5/crtbeginS.o
 .text.__x86.get_pc_thunk.dx
                0x000000000001147c        0x4 /usr/lib/gcc/i686-linux-gnu/5/crtbeginS.o
                0x000000000001147c                __x86.get_pc_thunk.dx
 .text          0x0000000000011480      0x5b5 external-light-sensor.o
                0x00000000000115f9                button_hal_get_by_id
                0x0000000000011637                button_hal_get_by_index
                0x0000000000011663                button_hal_get_state
                0x00000000000116b5                button_hal_init
                0x000000000001189c                client_chunk_handler
 .text          0x0000000000011a35      0x283 build/cooja/mtype31.o
                0x0000000000011ac7                platform_init_stage_one
                0x0000000000011ada                platform_init_stage_two
                0x0000000000011aed                platform_init_stage_three
                0x0000000000011b00                platform_main_loop
                0x0000000000011b73                Java_org_contikios_cooja_corecomm_Lib17_init
                0x0000000000011baa                Java_org_contikios_cooja_corecomm_Lib17_getMemory
                0x0000000000011bdd                Java_org_contikios_cooja_corecomm_Lib17_setMemory
                0x0000000000011c3d                Java_org_contikios_cooja_corecomm_Lib17_tick
                0x0000000000011ca5                Java_org_contikios_cooja_corecomm_Lib17_setReferenceAddress
 .text          0x0000000000011cb8       0x65 build/cooja/mtype31.a(simEnvChange.o)
                0x0000000000011cb8                doActionsBeforeTick
                0x0000000000011cea                doActionsAfterTick
 .text          0x0000000000011d1d       0x83 build/cooja/mtype31.a(cooja_mt.o)
                0x0000000000011d1d                cooja_mt_start
                0x0000000000011d47                cooja_mt_exec
                0x0000000000011d7d                cooja_mt_yield
 .text          0x0000000000011da0       0xbe build/cooja/mtype31.a(cooja_mtarch.o)
                0x0000000000011da0                cooja_mtarch_start
                0x0000000000011e13                cooja_sw
                0x0000000000011e36                cooja_mtarch_exec
                0x0000000000011e53                cooja_mtarch_yield
 .text          0x0000000000011e5e       0xc5 build/cooja/mtype31.a(rtimer-arch.o)
                0x0000000000011e5e                rtimer_arch_init
                0x0000000000011e82                rtimer_arch_schedule
                0x0000000000011eb2                rtimer_arch_next
                0x0000000000011ec2                rtimer_arch_pending
                0x0000000000011ecc                rtimer_arch_check
                0x0000000000011f13                rtimer_arch_now
 .text          0x0000000000011f23       0x4a build/cooja/mtype31.a(int-master.o)
                0x0000000000011f23                int_master_enable
                0x0000000000011f33                int_master_read_and_disable
                0x0000000000011f50                int_master_status_set
                0x0000000000011f5e                int_master_is_enabled
 .text          0x0000000000011f6d       0x81 build/cooja/mtype31.a(beep.o)
                0x0000000000011f6d                beep_alarm
                0x0000000000011f7a                beep_beep
                0x0000000000011f87                beep
                0x0000000000011f94                beep_down
                0x0000000000011fa1                beep_on
                0x0000000000011fae                beep_off
                0x0000000000011fbb                beep_spinup
                0x0000000000011fc8                beep_quick
                0x0000000000011fd5                beep_long
 .text          0x0000000000011fee       0x65 build/cooja/mtype31.a(leds-arch.o)
                0x0000000000012001                leds_arch_init
 .text          0x0000000000012053       0x35 build/cooja/mtype31.a(moteid.o)
 .text          0x0000000000012088       0xb7 build/cooja/mtype31.a(pir-sensor.o)
 .text          0x000000000001213f      0x148 build/cooja/mtype31.a(rs232.o)
                0x000000000001213f                rs232_init
                0x0000000000012145                rs232_set_speed
                0x0000000000012154                rs232_set_input
                0x0000000000012162                rs232_send
                0x0000000000012186                rs232_print
                0x00000000000121a2                slip_arch_writeb
 .text          0x0000000000012287       0xb7 build/cooja/mtype31.a(vib-sensor.o)
 .text          0x000000000001233e       0x38 build/cooja/mtype31.a(clock.o)
                0x000000000001233e                clock_init
                0x0000000000012344                clock_time
                0x000000000001234e                clock_seconds
                0x0000000000012364                clock_delay
 .text          0x0000000000012376      0x219 build/cooja/mtype31.a(cooja-log.o)
                0x0000000000012376                simlog_char
                0x00000000000123b9                simlog
                0x000000000001242f                log_message
                0x0000000000012460                log_set_putchar_with_slip
                0x000000000001246e                log_putchar
                0x00000000000124e9                log_puts
                0x0000000000012511                log_printf
 .text          0x000000000001258f      0x2b9 build/cooja/mtype31.a(cfs-cooja.o)
                0x000000000001258f                cfs_open
                0x00000000000125f8                cfs_close
                0x0000000000012605                cfs_read
                0x000000000001269a                cfs_write
                0x0000000000012776                cfs_seek
                0x00000000000127fe                cfs_remove
                0x0000000000012822                cfs_opendir
                0x000000000001282c                cfs_readdir
                0x0000000000012836                cfs_closedir
 .text          0x0000000000012848      0x620 build/cooja/mtype31.a(cooja-radio.o)
                0x000000000001288a                radio_set_channel
                0x0000000000012898                radio_set_txpower
                0x00000000000128b0                radio_signal_strength_last
                0x00000000000128ba                radio_signal_strength_current
                0x00000000000128c4                radio_LQI
 .text          0x0000000000012e68       0xee build/cooja/mtype31.a(eeprom.o)
                0x0000000000012e68                eeprom_init
                0x0000000000012e6e                eeprom_read
                0x0000000000012edc                eeprom_write
 .text          0x0000000000012f56       0x2d build/cooja/mtype31.a(random.o)
                0x0000000000012f56                random_init
                0x0000000000012f76                random_rand
 .text          0x0000000000012f83      0x29c build/cooja/mtype31.a(sensors.o)
                0x0000000000012fbe                sensors_first
                0x0000000000012fc8                sensors_next
                0x0000000000012fe2                sensors_changed
                0x0000000000013016                sensors_find
 .text          0x000000000001321f      0x349 build/cooja/mtype31.a(leds.o)
                0x000000000001321f                leds_init
                0x0000000000013266                leds_single_on
                0x00000000000132c5                leds_single_off
                0x0000000000013324                leds_single_toggle
                0x0000000000013356                leds_on
                0x00000000000133d8                leds_off
                0x000000000001345a                leds_toggle
                0x00000000000134af                leds_set
                0x00000000000134db                leds_get
 .text          0x0000000000013568      0x343 build/cooja/mtype31.a(gpio-hal-arch.o)
                0x0000000000013568                gpio_hal_arch_register_pin_callback
                0x00000000000135d4                gpio_hal_arch_init
                0x0000000000013619                gpio_hal_arch_no_port_interrupt_enable
                0x0000000000013649                gpio_hal_arch_no_port_interrupt_disable
                0x0000000000013679                gpio_hal_arch_no_port_pin_cfg_set
                0x000000000001369e                gpio_hal_arch_no_port_pin_cfg_get
                0x00000000000136c4                gpio_hal_arch_no_port_pin_set_input
                0x00000000000136d6                gpio_hal_arch_no_port_pin_set_output
                0x00000000000136e8                gpio_hal_arch_no_port_set_pin
                0x0000000000013709                gpio_hal_arch_no_port_clear_pin
                0x000000000001372a                gpio_hal_arch_no_port_read_pin
                0x0000000000013750                gpio_hal_arch_no_port_write_pin
                0x000000000001377a                gpio_hal_arch_no_port_set_pins
                0x00000000000137c1                gpio_hal_arch_no_port_clear_pins
                0x0000000000013808                gpio_hal_arch_no_port_read_pins
                0x000000000001384b                gpio_hal_arch_no_port_write_pins
 .text          0x00000000000138ab       0x89 build/cooja/mtype31.a(buttons.o)
 .text          0x0000000000013934      0x23b build/cooja/mtype31.a(res-external-se)
 .text          0x0000000000013b6f       0x76 build/cooja/mtype31.a(external-sensor)
                0x0000000000013b6f                get_ext_lux
                0x0000000000013b79                ext_collect_data
 .text          0x0000000000013be5      0x27b build/cooja/mtype31.a(coap-blocking-a)
                0x0000000000013be5                coap_blocking_request_callback
                0x0000000000013c0f                coap_blocking_request
 .text          0x0000000000013e60      0xbea build/cooja/mtype31.a(coap-engine.o)
                0x0000000000013ef5                coap_add_handler
                0x0000000000013f12                coap_remove_handler
                0x0000000000013f2f                coap_call_handlers
                0x0000000000014037                coap_receive
                0x0000000000014632                coap_engine_init
                0x0000000000014690                coap_activate_resource
                0x000000000001473b                coap_get_first_resource
                0x0000000000014754                coap_get_next_resource
 .text          0x0000000000014a4a      0x2d9 build/cooja/mtype31.a(coap-res-well-k)
 .text          0x0000000000014d23      0x96a build/cooja/mtype31.a(coap-observe.o)
                0x0000000000014e38                coap_remove_observer
                0x0000000000014e68                coap_remove_observer_by_client
                0x0000000000014ed0                coap_remove_observer_by_token
                0x0000000000014f63                coap_remove_observer_by_uri
                0x000000000001500a                coap_remove_observer_by_mid
                0x0000000000015086                coap_notify_observers
                0x000000000001509f                coap_notify_observers_sub
                0x0000000000015509                coap_observe_handler
                0x0000000000015624                coap_has_observers
 .text          0x000000000001568d      0x733 build/cooja/mtype31.a(coap-uip.o)
                0x000000000001568d                coap_endpoint_log
                0x0000000000015713                coap_endpoint_print
                0x0000000000015799                coap_endpoint_snprint
                0x00000000000158cc                coap_endpoint_copy
                0x0000000000015909                coap_endpoint_cmp
                0x0000000000015a17                coap_endpoint_parse
                0x0000000000015c02                coap_endpoint_is_secure
                0x0000000000015c11                coap_endpoint_is_connected
                0x0000000000015c45                coap_endpoint_connect
                0x0000000000015c61                coap_endpoint_disconnect
                0x0000000000015c67                coap_databuf
                0x0000000000015c71                coap_transport_init
                0x0000000000015cc1                coap_sendto
 .text          0x0000000000015dc0      0x324 build/cooja/mtype31.a(coap-timer.o)
                0x0000000000015ebd                coap_timer_stop
                0x0000000000015ee8                coap_timer_set
                0x0000000000015f2b                coap_timer_reset
                0x0000000000015f6e                coap_timer_time_to_next_expiration
                0x0000000000015fda                coap_timer_run
                0x00000000000160a6                coap_timer_init
 .text          0x00000000000160e4      0x2c6 build/cooja/mtype31.a(coap-transactio)
                0x000000000001614a                coap_new_transaction
                0x00000000000161b0                coap_send_transaction
                0x0000000000016311                coap_clear_transaction
                0x0000000000016359                coap_get_transaction_by_mid
 .text          0x00000000000163aa     0x1c53 build/cooja/mtype31.a(coap.o)
                0x0000000000016917                coap_init_connection
                0x000000000001692b                coap_get_mid
                0x0000000000016947                coap_init_message
                0x0000000000016990                coap_serialize_message
                0x0000000000017012                coap_parse_message
                0x0000000000017679                coap_get_query_variable
                0x00000000000176bb                coap_get_post_variable
                0x00000000000176ff                coap_set_status_code
                0x0000000000017724                coap_set_token
                0x000000000001776b                coap_get_header_content_format
                0x000000000001779c                coap_set_header_content_format
                0x00000000000177bf                coap_get_header_accept
                0x00000000000177f0                coap_set_header_accept
                0x0000000000017813                coap_get_header_max_age
                0x0000000000017844                coap_set_header_max_age
                0x0000000000017864                coap_get_header_etag
                0x0000000000017896                coap_set_header_etag
                0x00000000000178ed                coap_get_header_if_match
                0x000000000001791f                coap_set_header_if_match
                0x0000000000017976                coap_get_header_if_none_match
                0x0000000000017990                coap_set_header_if_none_match
                0x00000000000179a7                coap_get_header_proxy_uri
                0x00000000000179d5                coap_set_header_proxy_uri
                0x0000000000017a12                coap_get_header_uri_host
                0x0000000000017a40                coap_set_header_uri_host
                0x0000000000017a7d                coap_get_header_uri_path
                0x0000000000017aab                coap_set_header_uri_path
                0x0000000000017af8                coap_get_header_uri_query
                0x0000000000017b2c                coap_set_header_uri_query
                0x0000000000017b82                coap_get_header_location_path
                0x0000000000017bb0                coap_set_header_location_path
                0x0000000000017c49                coap_get_header_location_query
                0x0000000000017c77                coap_set_header_location_query
                0x0000000000017cc4                coap_get_header_observe
                0x0000000000017cf3                coap_set_header_observe
                0x0000000000017d13                coap_get_header_block2
                0x0000000000017d7f                coap_set_header_block2
                0x0000000000017df6                coap_get_header_block1
                0x0000000000017e6b                coap_set_header_block1
                0x0000000000017ee6                coap_get_header_size2
                0x0000000000017f16                coap_set_header_size2
                0x0000000000017f39                coap_get_header_size1
                0x0000000000017f69                coap_set_header_size1
                0x0000000000017f8c                coap_get_payload
                0x0000000000017fc6                coap_set_payload
 .text          0x0000000000017ffd      0x332 build/cooja/mtype31.a(contiki-main.o)
                0x0000000000017ffd                main
 .text          0x000000000001832f       0x92 build/cooja/mtype31.a(autostart.o)
                0x000000000001832f                autostart_start
                0x0000000000018379                autostart_exit
 .text          0x00000000000183c1      0x355 build/cooja/mtype31.a(ctimer.o)
                0x00000000000184e9                ctimer_init
                0x000000000001851c                ctimer_set
                0x0000000000018542                ctimer_set_with_process
                0x00000000000185bf                ctimer_reset
                0x0000000000018613                ctimer_restart
                0x0000000000018667                ctimer_stop
                0x00000000000186b7                ctimer_expired
 .text          0x0000000000018716      0x394 build/cooja/mtype31.a(log.o)
                0x0000000000018716                log_6addr
                0x0000000000018769                log_6addr_compact_snprint
                0x0000000000018807                log_6addr_compact
                0x000000000001885a                log_lladdr
                0x00000000000188cc                log_lladdr_compact
                0x0000000000018934                log_set_level
                0x00000000000189ef                log_get_level
                0x0000000000018a68                log_level_to_str
 .text          0x0000000000018aaa       0x1b build/cooja/mtype31.a(energest.o)
                0x0000000000018aaa                energest_init
                0x0000000000018ab0                energest_flush
                0x0000000000018ab6                energest_get_total_time
 .text          0x0000000000018ac5      0x43f build/cooja/mtype31.a(etimer.o)
                0x0000000000018ce9                etimer_request_poll
                0x0000000000018d72                etimer_set
                0x0000000000018d9b                etimer_reset_with_new_interval
                0x0000000000018dca                etimer_reset
                0x0000000000018df0                etimer_restart
                0x0000000000018e16                etimer_adjust
                0x0000000000018e33                etimer_expired
                0x0000000000018e46                etimer_expiration_time
                0x0000000000018e58                etimer_start_time
                0x0000000000018e62                etimer_pending
                0x0000000000018e74                etimer_next_expiration_time
                0x0000000000018e8e                etimer_stop
 .text          0x0000000000018f04       0x25 build/cooja/mtype31.a(node-id.o)
                0x0000000000018f04                node_id_init
 .text          0x0000000000018f29       0xeb build/cooja/mtype31.a(rtimer.o)
                0x0000000000018f29                rtimer_init
                0x0000000000018f37                rtimer_set
                0x0000000000018fb2                rtimer_run_next
 .text          0x0000000000019014      0x4fb build/cooja/mtype31.a(process.o)
                0x0000000000019014                process_alloc_event
                0x0000000000019029                process_start
                0x0000000000019203                process_exit
                0x0000000000019220                process_init
                0x00000000000193b5                process_run
                0x00000000000193e8                process_nevents
                0x0000000000019403                process_post
                0x0000000000019496                process_post_synch
                0x00000000000194cb                process_poll
                0x00000000000194fb                process_is_running
 .text          0x000000000001950f       0xb1 build/cooja/mtype31.a(timer.o)
                0x000000000001950f                timer_set
                0x000000000001952d                timer_reset
                0x000000000001955a                timer_restart
                0x000000000001956f                timer_expired
                0x000000000001959c                timer_remaining
 .text          0x00000000000195c0      0x28f build/cooja/mtype31.a(list.o)
                0x00000000000195c0                list_init
                0x00000000000195cf                list_head
                0x00000000000195d9                list_copy
                0x00000000000195e9                list_tail
                0x000000000001961f                list_add
                0x000000000001966b                list_push
                0x0000000000019697                list_chop
                0x0000000000019701                list_pop
                0x0000000000019729                list_remove
                0x0000000000019791                list_length
                0x00000000000197bf                list_insert
                0x0000000000019804                list_item_next
                0x000000000001981b                list_contains
 .text          0x000000000001984f      0x1b5 build/cooja/mtype31.a(memb.o)
                0x000000000001984f                memb_init
                0x00000000000198a4                memb_alloc
                0x0000000000019907                memb_free
                0x000000000001997e                memb_inmemb
                0x00000000000199bd                memb_numfree
 .text          0x0000000000019a04      0x1f3 build/cooja/mtype31.a(serial-line.o)
                0x0000000000019a04                serial_line_input_byte
                0x0000000000019bc2                serial_line_init
 .text          0x0000000000019bf7      0x168 build/cooja/mtype31.a(gpio-hal.o)
                0x0000000000019bf7                gpio_hal_register_handler
                0x0000000000019c14                gpio_hal_event_handler
                0x0000000000019c70                gpio_hal_init
                0x0000000000019c8f                gpio_hal_arch_port_toggle_pin
                0x0000000000019ccb                gpio_hal_arch_port_toggle_pins
                0x0000000000019cf9                gpio_hal_arch_no_port_toggle_pin
                0x0000000000019d37                gpio_hal_arch_no_port_toggle_pins
 .text          0x0000000000019d5f      0x2e7 build/cooja/mtype31.a(queuebuf.o)
                0x0000000000019d69                queuebuf_init
                0x0000000000019d92                queuebuf_numfree
                0x0000000000019daa                queuebuf_new_from_packetbuf
                0x0000000000019e49                queuebuf_update_attr_from_packetbuf
                0x0000000000019e7e                queuebuf_update_from_packetbuf
                0x0000000000019ece                queuebuf_free
                0x0000000000019f17                queuebuf_to_packetbuf
                0x0000000000019f83                queuebuf_dataptr
                0x0000000000019fbd                queuebuf_datalen
                0x0000000000019fe0                queuebuf_addr
                0x000000000001a015                queuebuf_attr
                0x000000000001a040                queuebuf_debug_print
 .text          0x000000000001a046      0x407 build/cooja/mtype31.a(packetbuf.o)
                0x000000000001a046                packetbuf_clear
                0x000000000001a071                packetbuf_copyfrom
                0x000000000001a0c0                packetbuf_copyto
                0x000000000001a153                packetbuf_hdralloc
                0x000000000001a1cf                packetbuf_hdrreduce
                0x000000000001a215                packetbuf_set_datalen
                0x000000000001a22f                packetbuf_dataptr
                0x000000000001a24c                packetbuf_hdrptr
                0x000000000001a256                packetbuf_datalen
                0x000000000001a262                packetbuf_hdrlen
                0x000000000001a279                packetbuf_totlen
                0x000000000001a28f                packetbuf_remaininglen
                0x000000000001a2a2                packetbuf_attr_clear
                0x000000000001a2ee                packetbuf_attr_copyto
                0x000000000001a346                packetbuf_attr_copyfrom
                0x000000000001a39e                packetbuf_set_attr
                0x000000000001a3c8                packetbuf_attr
                0x000000000001a3e2                packetbuf_set_addr
                0x000000000001a413                packetbuf_addr
                0x000000000001a430                packetbuf_holds_broadcast
 .text          0x000000000001a44d       0xef build/cooja/mtype31.a(netstack.o)
                0x000000000001a44d                netstack_process_ip_callback
                0x000000000001a4de                netstack_ip_packet_processor_add
                0x000000000001a501                uip_ds6_ip_packet_processor_rm
                0x000000000001a51e                netstack_init
 .text          0x000000000001a53c       0x4f build/cooja/mtype31.a(linkaddr.o)
                0x000000000001a53c                linkaddr_copy
                0x000000000001a552                linkaddr_cmp
                0x000000000001a575                linkaddr_set_node_addr
 .text          0x000000000001a58b      0x1f6 build/cooja/mtype31.a(csma.o)
 .text          0x000000000001a781      0x95d build/cooja/mtype31.a(csma-output.o)
                0x000000000001ae18                csma_output_packet
                0x000000000001b0a5                csma_output_init
 .text          0x000000000001b0de      0xc11 build/cooja/mtype31.a(uip-ds6.o)
                0x000000000001b0de                uip_ds6_default_prefix
                0x000000000001b0e8                uip_ds6_set_default_prefix
                0x000000000001b113                uip_ds6_init
                0x000000000001b375                uip_ds6_periodic
                0x000000000001b3fc                uip_ds6_list_loop
                0x000000000001b4bc                uip_ds6_prefix_add
                0x000000000001b568                uip_ds6_prefix_rm
                0x000000000001b57b                uip_ds6_prefix_lookup
                0x000000000001b5ba                uip_ds6_is_addr_onlink
                0x000000000001b62d                uip_ds6_addr_add
                0x000000000001b74d                uip_ds6_addr_rm
                0x000000000001b7f6                uip_ds6_addr_lookup
                0x000000000001b82f                uip_ds6_get_link_local
                0x000000000001b8b0                uip_ds6_get_global
                0x000000000001b931                uip_ds6_maddr_add
                0x000000000001b991                uip_ds6_maddr_rm
                0x000000000001b9a4                uip_ds6_maddr_lookup
                0x000000000001b9dd                uip_ds6_aaddr_add
                0x000000000001ba3d                uip_ds6_aaddr_rm
                0x000000000001ba50                uip_ds6_aaddr_lookup
                0x000000000001ba89                uip_ds6_select_src
                0x000000000001bbd2                uip_ds6_set_addr_iid
                0x000000000001bbfd                uip_ds6_set_lladdr_from_iid
                0x000000000001bc26                get_match_length
                0x000000000001bcb7                uip_ds6_compute_reachable_time
 .text          0x000000000001bcef      0x128 build/cooja/mtype31.a(uip-udp-packet.)
                0x000000000001bcef                uip_udp_packet_send
                0x000000000001bd4a                uip_udp_packet_sendto
 .text          0x000000000001be17      0x35b build/cooja/mtype31.a(uip-ds6-route.o)
                0x000000000001be68                uip_ds6_route_init
                0x000000000001be92                uip_ds6_route_nexthop
                0x000000000001be9c                uip_ds6_route_head
                0x000000000001bea6                uip_ds6_route_next
                0x000000000001beb0                uip_ds6_route_is_nexthop
                0x000000000001beba                uip_ds6_route_num_routes
                0x000000000001bec4                uip_ds6_route_lookup
                0x000000000001bece                uip_ds6_route_add
                0x000000000001bee1                uip_ds6_route_rm
                0x000000000001bee7                uip_ds6_route_rm_by_nexthop
                0x000000000001beed                uip_ds6_defrt_head
                0x000000000001bf06                uip_ds6_defrt_add
                0x000000000001bfb4                uip_ds6_defrt_rm
                0x000000000001c01a                uip_ds6_defrt_lookup
                0x000000000001c081                uip_ds6_defrt_choose
                0x000000000001c0f7                uip_ds6_defrt_periodic
 .text          0x000000000001c172      0x6f7 build/cooja/mtype31.a(tcpip.o)
                0x000000000001c18c                tcpip_output
                0x000000000001c20b                udp_attach
                0x000000000001c223                udp_new
                0x000000000001c26d                udp_broadcast_new
                0x000000000001c3df                tcpip_input
                0x000000000001c56f                tcpip_ipv6_output
                0x000000000001c763                tcpip_poll_udp
                0x000000000001c781                tcpip_uipcall
 .text          0x000000000001c869     0x1205 build/cooja/mtype31.a(uip6.o)
                0x000000000001c918                uip_chksum
                0x000000000001c9ef                uip_icmp6chksum
                0x000000000001ca04                uip_udpchksum
                0x000000000001ca19                uip_init
                0x000000000001ca62                uip_remove_ext_hdr
                0x000000000001cb3c                uip_udp_new
                0x000000000001ce50                uip_process
                0x000000000001d948                uip_htons
                0x000000000001d96a                uip_htonl
                0x000000000001d9a8                uip_send
 .text          0x000000000001da6e      0x369 build/cooja/mtype31.a(uip-ds6-nbr.o)
                0x000000000001da6e                uip_ds6_neighbors_init
                0x000000000001da92                uip_ds6_nbr_add
                0x000000000001db18                uip_ds6_nbr_rm
                0x000000000001db63                uip_ds6_nbr_update_ll
                0x000000000001dc51                uip_ds6_nbr_get_ipaddr
                0x000000000001dc66                uip_ds6_nbr_get_ll
                0x000000000001dc82                uip_ds6_nbr_num
                0x000000000001dccb                uip_ds6_nbr_head
                0x000000000001dce4                uip_ds6_nbr_next
                0x000000000001dd00                uip_ds6_nbr_lookup
                0x000000000001dd58                uip_ds6_nbr_ll_lookup
                0x000000000001dd74                uip_ds6_nbr_ipaddr_from_lladdr
                0x000000000001dd9d                uip_ds6_nbr_lladdr_from_ipaddr
                0x000000000001ddd1                uip_ds6_link_callback
 .text          0x000000000001ddd7      0x6a7 build/cooja/mtype31.a(uip-nd6.o)
                0x000000000001e465                uip_nd6_init
 .text          0x000000000001e47e     0x2c17 build/cooja/mtype31.a(sicslowpan.o)
                0x000000000001ea85                netstack_sniffer_add
                0x000000000001ea93                netstack_sniffer_remove
                0x0000000000021069                sicslowpan_init
                0x000000000002108b                sicslowpan_get_last_rssi
 .text          0x0000000000021095      0x4d1 build/cooja/mtype31.a(uiplib.o)
                0x0000000000021095                uiplib_ip6addrconv
                0x000000000002124d                uiplib_ip4addrconv
                0x0000000000021310                uiplib_ipaddr_print
                0x0000000000021363                uiplib_ipaddr_snprint
 .text          0x0000000000021566      0x4c9 build/cooja/mtype31.a(rpl.o)
                0x0000000000021566                rpl_lollipop_greater_than
                0x00000000000215c0                rpl_get_global_address
                0x00000000000216b8                rpl_link_callback
                0x00000000000216fc                rpl_has_joined
                0x0000000000021721                rpl_is_reachable
                0x00000000000217a2                rpl_reset_prefix
                0x000000000002180c                rpl_set_prefix_from_addr
                0x00000000000218f1                rpl_set_prefix
                0x0000000000021a0b                rpl_set_leaf_only
                0x0000000000021a23                rpl_get_leaf_only
 .text          0x0000000000021a2f     0x138c build/cooja/mtype31.a(rpl-icmp6.o)
                0x0000000000021b54                rpl_icmp6_update_nbr_table
                0x0000000000021bdd                rpl_icmp6_dis_output
                0x0000000000022223                rpl_icmp6_dio_output
                0x0000000000022a21                rpl_icmp6_dao_output
                0x0000000000022d02                rpl_icmp6_dao_ack_output
                0x0000000000022d72                rpl_icmp6_init
 .text          0x0000000000022dbb      0x264 build/cooja/mtype31.a(rpl-dag-root.o)
                0x0000000000022dbb                rpl_dag_root_print_links
                0x0000000000022ee7                rpl_dag_root_set_prefix
                0x0000000000022f13                rpl_dag_root_start
                0x0000000000022ff0                rpl_dag_root_is_root
 .text          0x000000000002301f       0x30 build/cooja/mtype31.a(watchdog.o)
                0x000000000002301f                watchdog_init
                0x0000000000023025                watchdog_start
                0x000000000002302b                watchdog_periodic
                0x0000000000023043                watchdog_stop
                0x0000000000023049                watchdog_reboot
 .text          0x000000000002304f      0x226 build/cooja/mtype31.a(coap-timer-defa)
 .text          0x0000000000023275       0xc7 build/cooja/mtype31.a(stimer.o)
                0x0000000000023275                stimer_set
                0x0000000000023293                stimer_reset
                0x00000000000232c0                stimer_restart
                0x00000000000232d5                stimer_expired
                0x0000000000023300                stimer_remaining
                0x0000000000023324                stimer_elapsed
 .text          0x000000000002333c      0x156 build/cooja/mtype31.a(ringbuf.o)
                0x000000000002333c                ringbuf_init
                0x000000000002336e                ringbuf_put
                0x00000000000233ec                ringbuf_get
                0x0000000000023459                ringbuf_size
                0x000000000002346b                ringbuf_elements
 .text          0x0000000000023492       0x1f build/cooja/mtype31.a(assert.o)
                0x0000000000023492                _xassert
 .text          0x00000000000234b1      0x79b build/cooja/mtype31.a(nbr-table.o)
                0x000000000002392a                nbr_table_register
                0x0000000000023997                nbr_table_is_registered
                0x00000000000239d2                nbr_table_head
                0x0000000000023a2d                nbr_table_next
                0x0000000000023a8e                nbr_table_add_lladdr
                0x0000000000023b68                nbr_table_get_from_lladdr
                0x0000000000023bb4                nbr_table_remove
                0x0000000000023bec                nbr_table_lock
                0x0000000000023c06                nbr_table_unlock
                0x0000000000023c20                nbr_table_get_lladdr
 .text          0x0000000000023c4c      0x3a5 build/cooja/mtype31.a(link-stats.o)
                0x0000000000023c4c                link_stats_from_lladdr
                0x0000000000023c68                link_stats_get_lladdr
                0x0000000000023c84                link_stats_is_fresh
                0x0000000000023cc0                guess_etx_from_rssi
                0x0000000000023d3c                link_stats_packet_sent
                0x0000000000023e5c                link_stats_input_callback
                0x0000000000023f6c                link_stats_reset
                0x0000000000023fbc                link_stats_init
 .text          0x0000000000023ff1      0x187 build/cooja/mtype31.a(mac-sequence.o)
                0x0000000000023ff1                mac_sequence_is_duplicate
                0x0000000000024091                mac_sequence_register_seqno
 .text          0x0000000000024178       0x23 build/cooja/mtype31.a(mac.o)
                0x0000000000024178                mac_call_sent_callback
 .text          0x000000000002419b      0x432 build/cooja/mtype31.a(framer-802154.o)
                0x000000000002432a                framer_802154_setup_params
 .text          0x00000000000245cd      0xb6f build/cooja/mtype31.a(frame802154.o)
                0x00000000000245fe                frame802154_get_pan_id
                0x000000000002460a                frame802154_set_pan_id
                0x0000000000024624                frame802154_has_panid
                0x00000000000247d3                frame802154_check_dest_panid
                0x000000000002485b                frame802154_is_broadcast_addr
                0x00000000000248a8                frame802154_extract_linkaddr
                0x0000000000024b0d                frame802154_hdrlen
                0x0000000000024b80                frame802154_create_fcf
                0x0000000000024c38                frame802154_create
                0x0000000000024dad                frame802154_parse_fcf
                0x0000000000024e8f                frame802154_parse
 .text          0x000000000002513c       0x2d build/cooja/mtype31.a(csma-security.o)
                0x000000000002513c                csma_security_create_frame
                0x000000000002515a                csma_security_parse_frame
 .text          0x0000000000025169      0x4e4 build/cooja/mtype31.a(uipbuf.o)
                0x0000000000025169                uipbuf_clear
                0x0000000000025190                uipbuf_add_ext_hdr
                0x0000000000025210                uipbuf_set_len
                0x000000000002523d                uipbuf_set_len_field
                0x0000000000025269                uipbuf_get_len_field
                0x0000000000025289                uipbuf_get_next_header
                0x00000000000253bb                uipbuf_get_last_header
                0x0000000000025434                uipbuf_search_header
                0x00000000000254ea                uipbuf_get_attr
                0x0000000000025511                uipbuf_set_attr
                0x0000000000025548                uipbuf_set_default_attr
                0x000000000002557f                uipbuf_clear_attr
                0x00000000000255a3                uipbuf_set_attr_flag
                0x00000000000255c4                uipbuf_clr_attr_flag
                0x00000000000255eb                uipbuf_is_attr_flag
                0x000000000002560f                uipbuf_init
 .text          0x000000000002564d      0x73f build/cooja/mtype31.a(uip-icmp6.o)
                0x00000000000256c2                uip_icmp6_input
                0x0000000000025719                uip_icmp6_register_input_handler
                0x000000000002586c                uip_icmp6_error_output
                0x0000000000025b1d                uip_icmp6_send
                0x0000000000025d14                uip_icmp6_echo_reply_callback_add
                0x0000000000025d46                uip_icmp6_echo_reply_callback_rm
                0x0000000000025d63                uip_icmp6_init
 .text          0x0000000000025d8c      0x69b build/cooja/mtype31.a(uip-sr.o)
                0x0000000000025d8c                uip_sr_num_nodes
                0x0000000000025e1a                uip_sr_get_node
                0x0000000000025e71                uip_sr_is_addr_reachable
                0x0000000000025f1f                uip_sr_expire_parent
                0x0000000000025f68                uip_sr_update_node
                0x0000000000026098                uip_sr_init
                0x00000000000260cc                uip_sr_node_head
                0x00000000000260e5                uip_sr_node_next
                0x00000000000260fb                uip_sr_periodic
                0x0000000000026201                uip_sr_free_all
                0x0000000000026271                uip_sr_link_snprint
 .text          0x0000000000026427      0x146 build/cooja/mtype31.a(uip-packetqueue)
                0x0000000000026455                uip_packetqueue_new
                0x0000000000026464                uip_packetqueue_alloc
                0x00000000000264bf                uip_packetqueue_free
                0x0000000000026506                uip_packetqueue_buf
                0x0000000000026523                uip_packetqueue_buflen
                0x0000000000026544                uip_packetqueue_set_buflen
 .text          0x000000000002656d      0x1b0 build/cooja/mtype31.a(rpl-nbr-policy.)
                0x00000000000266da                rpl_nbr_policy_find_removable
 .text          0x000000000002671d      0x915 build/cooja/mtype31.a(rpl-neighbor.o)
                0x0000000000026799                rpl_neighbor_snprint
                0x0000000000026a4c                rpl_neighbor_print_list
                0x0000000000026b01                rpl_neighbor_count
                0x0000000000026ba8                rpl_neighbor_get_from_lladdr
                0x0000000000026bc4                rpl_neighbor_is_acceptable_parent
                0x0000000000026bf8                rpl_neighbor_get_link_metric
                0x0000000000026c2c                rpl_neighbor_rank_via_nbr
                0x0000000000026c60                rpl_neighbor_get_lladdr
                0x0000000000026c7c                rpl_neighbor_get_ipaddr
                0x0000000000026ca3                rpl_neighbor_get_link_stats
                0x0000000000026cca                rpl_neighbor_is_fresh
                0x0000000000026cf1                rpl_neighbor_is_reachable
                0x0000000000026d3c                rpl_neighbor_is_parent
                0x0000000000026d66                rpl_neighbor_set_preferred_parent
                0x0000000000026dfd                rpl_neighbor_remove_all
                0x0000000000026e59                rpl_neighbor_get_from_ipaddr
                0x0000000000026f67                rpl_neighbor_select_best
                0x0000000000027013                rpl_neighbor_init
 .text          0x0000000000027032      0xe69 build/cooja/mtype31.a(rpl-dag.o)
                0x0000000000027032                rpl_dag_state_to_str
                0x0000000000027071                rpl_dag_get_root_ipaddr
                0x00000000000270b9                rpl_dag_leave
                0x0000000000027142                rpl_dag_poison_and_leave
                0x000000000002715a                rpl_dag_periodic
                0x00000000000271e2                rpl_is_addr_in_our_dag
                0x0000000000027226                rpl_get_default_instance
                0x0000000000027242                rpl_get_any_dag
                0x000000000002729b                rpl_refresh_routes
                0x00000000000272db                rpl_global_repair
                0x0000000000027374                rpl_local_repair
                0x00000000000273be                rpl_dag_ready_to_advertise
                0x0000000000027401                rpl_dag_update_state
                0x0000000000027b2e                rpl_process_dio
                0x0000000000027bac                rpl_process_dis
                0x0000000000027bf1                rpl_process_dao
                0x0000000000027c80                rpl_process_dao_ack
                0x0000000000027d17                rpl_process_hbh
                0x0000000000027d67                rpl_dag_init_root
                0x0000000000027e7b                rpl_dag_init
 .text          0x0000000000027e9b      0x9e7 build/cooja/mtype31.a(rpl-timers.o)
                0x0000000000027e9b                rpl_timers_schedule_periodic_dis
                0x0000000000027fe9                rpl_timers_dio_reset
                0x00000000000280f7                rpl_timers_schedule_unicast_dio
                0x000000000002824b                rpl_timers_schedule_dao
                0x000000000002830a                rpl_timers_schedule_dao_ack
                0x0000000000028390                rpl_timers_notify_dao_ack
                0x00000000000283ee                get_probing_delay
                0x0000000000028422                get_probing_target
                0x000000000002860c                rpl_schedule_probing
                0x000000000002863a                rpl_schedule_probing_now
                0x00000000000286a4                rpl_timers_unschedule_leaving
                0x00000000000286dc                rpl_timers_schedule_leaving
                0x000000000002871d                rpl_timers_init
                0x00000000000287ad                rpl_timers_stop_dag_timers
                0x0000000000028826                rpl_timers_unschedule_state_update
                0x000000000002884a                rpl_timers_schedule_state_update
 .text          0x0000000000028882      0xb8e build/cooja/mtype31.a(rpl-ext-header.)
                0x0000000000028882                rpl_ext_header_srh_get_next_hop
                0x0000000000028969                rpl_ext_header_srh_update
                0x0000000000028ed5                rpl_ext_header_hbh_update
                0x00000000000291d5                rpl_ext_header_update
                0x000000000002925e                rpl_ext_header_remove
 .text          0x0000000000029410      0x31b build/cooja/mtype31.a(rpl-mrhof.o)
 *fill*         0x000000000002972b        0x5 
 .text          0x0000000000029730      0x122 /usr/lib/gcc/i686-linux-gnu/5/libgcc.a(_udivdi3.o)
                0x0000000000029730                __udivdi3
 .text          0x0000000000029852        0x0 /usr/lib/gcc/i686-linux-gnu/5/crtendS.o
 .text          0x0000000000029852        0x0 /usr/lib/gcc/i686-linux-gnu/5/../../../i386-linux-gnu/crtn.o
 *(.gnu.warning)

.fini           0x0000000000029854       0x14
 *(SORT(.fini))
 .fini          0x0000000000029854        0xf /usr/lib/gcc/i686-linux-gnu/5/../../../i386-linux-gnu/crti.o
                0x0000000000029854                _fini
 .fini          0x0000000000029863        0x5 /usr/lib/gcc/i686-linux-gnu/5/../../../i386-linux-gnu/crtn.o
                [!provide]                        PROVIDE (__etext, .)
                [!provide]                        PROVIDE (_etext, .)
                [!provide]                        PROVIDE (etext, .)

.rodata         0x0000000000029880      0xb2b
 *(.rodata .rodata.* .gnu.linkonce.r.*)
 .rodata        0x0000000000029880       0xb9 external-light-sensor.o
                0x00000000000298b8                autostart_processes
 *fill*         0x0000000000029939        0x3 
 .rodata        0x000000000002993c        0x8 build/cooja/mtype31.a(beep.o)
                0x000000000002993c                beep_interface
 .rodata        0x0000000000029944        0xe build/cooja/mtype31.a(leds-arch.o)
                0x0000000000029944                leds_interface
                0x000000000002994c                leds_arch_leds
 *fill*         0x0000000000029952        0x2 
 .rodata        0x0000000000029954        0x8 build/cooja/mtype31.a(moteid.o)
                0x0000000000029954                moteid_interface
 .rodata        0x000000000002995c       0x1c build/cooja/mtype31.a(pir-sensor.o)
                0x000000000002995c                pir_interface
                0x0000000000029968                pir_sensor
 .rodata        0x0000000000029978        0xe build/cooja/mtype31.a(rs232.o)
                0x0000000000029978                rs232_interface
 *fill*         0x0000000000029986        0x2 
 .rodata        0x0000000000029988       0x24 build/cooja/mtype31.a(vib-sensor.o)
                0x0000000000029988                vib_interface
                0x000000000002999c                vib_sensor
 .rodata        0x00000000000299ac        0x8 build/cooja/mtype31.a(clock.o)
                0x00000000000299ac                clock_interface
 .rodata        0x00000000000299b4        0x8 build/cooja/mtype31.a(cooja-log.o)
                0x00000000000299b4                simlog_interface
 .rodata        0x00000000000299bc       0x2f build/cooja/mtype31.a(cfs-cooja.o)
                0x00000000000299bc                cfs_interface
 *fill*         0x00000000000299eb       0x15 
 .rodata        0x0000000000029a00       0xb8 build/cooja/mtype31.a(cooja-radio.o)
                0x0000000000029a00                radio_interface
                0x0000000000029a80                cooja_radio_driver
 .rodata        0x0000000000029ab8        0x8 build/cooja/mtype31.a(eeprom.o)
                0x0000000000029ab8                eeprom_interface
 .rodata        0x0000000000029ac0        0x8 build/cooja/mtype31.a(sensors.o)
 .rodata        0x0000000000029ac8       0x2c build/cooja/mtype31.a(buttons.o)
                0x0000000000029ac8                button_interface
                0x0000000000029adc                button_hal_button_count
                0x0000000000029ae4                button_sensor
 .rodata        0x0000000000029af4      0x10f build/cooja/mtype31.a(res-external-se)
 .rodata        0x0000000000029c03       0x41 build/cooja/mtype31.a(coap-engine.o)
 .rodata        0x0000000000029c44       0x19 build/cooja/mtype31.a(coap-res-well-k)
 .rodata        0x0000000000029c5d       0x11 build/cooja/mtype31.a(coap-observe.o)
 .rodata        0x0000000000029c6e       0x35 build/cooja/mtype31.a(coap-uip.o)
 *fill*         0x0000000000029ca3        0x1 
 .rodata        0x0000000000029ca4      0x1ac build/cooja/mtype31.a(coap.o)
 .rodata        0x0000000000029e50       0xf8 build/cooja/mtype31.a(contiki-main.o)
 .rodata        0x0000000000029f48        0xf build/cooja/mtype31.a(ctimer.o)
 *fill*         0x0000000000029f57        0x1 
 .rodata        0x0000000000029f58       0xc4 build/cooja/mtype31.a(log.o)
 .rodata        0x000000000002a01c        0xc build/cooja/mtype31.a(etimer.o)
 .rodata        0x000000000002a028        0xe build/cooja/mtype31.a(serial-line.o)
 *fill*         0x000000000002a036        0x2 
 .rodata        0x000000000002a038        0x8 build/cooja/mtype31.a(linkaddr.o)
                0x000000000002a038                linkaddr_null
 .rodata        0x000000000002a040       0x24 build/cooja/mtype31.a(csma.o)
                0x000000000002a048                csma_driver
 .rodata        0x000000000002a064       0x24 build/cooja/mtype31.a(csma-output.o)
 .rodata        0x000000000002a088       0x4d build/cooja/mtype31.a(uip-ds6-route.o)
 .rodata        0x000000000002a0d5        0xd build/cooja/mtype31.a(tcpip.o)
 *fill*         0x000000000002a0e2        0x2 
 .rodata        0x000000000002a0e4       0x30 build/cooja/mtype31.a(sicslowpan.o)
                0x000000000002a0e4                unc_llconf
                0x000000000002a0e8                unc_ctxconf
                0x000000000002a0ec                unc_mxconf
                0x000000000002a0f0                llprefix
                0x000000000002a104                sicslowpan_driver
 .rodata        0x000000000002a114       0x2d build/cooja/mtype31.a(uiplib.o)
 *fill*         0x000000000002a141       0x1f 
 .rodata        0x000000000002a160       0x74 build/cooja/mtype31.a(rpl.o)
                0x000000000002a180                rpl_lite_driver
 .rodata        0x000000000002a1d4       0x20 build/cooja/mtype31.a(coap-timer-defa)
                0x000000000002a1e8                coap_timer_default_driver
 .rodata        0x000000000002a1f4       0x25 build/cooja/mtype31.a(assert.o)
 *fill*         0x000000000002a219        0x3 
 .rodata        0x000000000002a21c        0xc build/cooja/mtype31.a(framer-802154.o)
                0x000000000002a21c                framer_802154
 .rodata        0x000000000002a228       0x44 build/cooja/mtype31.a(uip-sr.o)
 .rodata        0x000000000002a26c       0x58 build/cooja/mtype31.a(rpl-neighbor.o)
 .rodata        0x000000000002a2c4       0xdb build/cooja/mtype31.a(rpl-dag.o)
 .rodata        0x000000000002a39f        0xc build/cooja/mtype31.a(rpl-timers.o)

.rodata1
 *(.rodata1)

.eh_frame_hdr   0x000000000002a3ac     0x19e4
 *(.eh_frame_hdr)
 .eh_frame_hdr  0x000000000002a3ac     0x19e4 external-light-sensor.o
                0x000000000002a3ac                __GNU_EH_FRAME_HDR
 *(.eh_frame_entry .eh_frame_entry.*)

.eh_frame       0x000000000002bd90     0x6908
 *(.eh_frame)
 .eh_frame      0x000000000002bd90       0x3c /usr/lib/gcc/i686-linux-gnu/5/../../../i386-linux-gnu/crti.o
                                         0x40 (size before relaxing)
 .eh_frame      0x000000000002bdcc      0x184 external-light-sensor.o
                                        0x19c (size before relaxing)
 .eh_frame      0x000000000002bf50      0x178 build/cooja/mtype31.o
                                        0x190 (size before relaxing)
 .eh_frame      0x000000000002c0c8       0x40 build/cooja/mtype31.a(simEnvChange.o)
                                         0x58 (size before relaxing)
 .eh_frame      0x000000000002c108       0x60 build/cooja/mtype31.a(cooja_mt.o)
                                         0x78 (size before relaxing)
 .eh_frame      0x000000000002c168       0x80 build/cooja/mtype31.a(cooja_mtarch.o)
                                         0x98 (size before relaxing)
 .eh_frame      0x000000000002c1e8       0xc8 build/cooja/mtype31.a(rtimer-arch.o)
                                         0xe0 (size before relaxing)
 .eh_frame      0x000000000002c2b0       0x80 build/cooja/mtype31.a(int-master.o)
                                         0x98 (size before relaxing)
 .eh_frame      0x000000000002c330      0x160 build/cooja/mtype31.a(beep.o)
                                        0x178 (size before relaxing)
 .eh_frame      0x000000000002c490       0x80 build/cooja/mtype31.a(leds-arch.o)
                                         0x98 (size before relaxing)
 .eh_frame      0x000000000002c510       0x40 build/cooja/mtype31.a(moteid.o)
                                         0x58 (size before relaxing)
 .eh_frame      0x000000000002c550       0xa0 build/cooja/mtype31.a(pir-sensor.o)
                                         0xb8 (size before relaxing)
 .eh_frame      0x000000000002c5f0      0x100 build/cooja/mtype31.a(rs232.o)
                                        0x118 (size before relaxing)
 .eh_frame      0x000000000002c6f0       0xa0 build/cooja/mtype31.a(vib-sensor.o)
                                         0xb8 (size before relaxing)
 .eh_frame      0x000000000002c790       0xc0 build/cooja/mtype31.a(clock.o)
                                         0xd8 (size before relaxing)
 .eh_frame      0x000000000002c850      0x120 build/cooja/mtype31.a(cooja-log.o)
                                        0x138 (size before relaxing)
 .eh_frame      0x000000000002c970      0x160 build/cooja/mtype31.a(cfs-cooja.o)
                                        0x178 (size before relaxing)
 .eh_frame      0x000000000002cad0      0x340 build/cooja/mtype31.a(cooja-radio.o)
                                        0x358 (size before relaxing)
 .eh_frame      0x000000000002ce10       0xa0 build/cooja/mtype31.a(eeprom.o)
                                         0xb8 (size before relaxing)
 .eh_frame      0x000000000002ceb0       0x40 build/cooja/mtype31.a(random.o)
                                         0x58 (size before relaxing)
 .eh_frame      0x000000000002cef0       0xc0 build/cooja/mtype31.a(sensors.o)
                                         0xd8 (size before relaxing)
 .eh_frame      0x000000000002cfb0      0x120 build/cooja/mtype31.a(leds.o)
                                        0x138 (size before relaxing)
 .eh_frame      0x000000000002d0d0      0x220 build/cooja/mtype31.a(gpio-hal-arch.o)
                                        0x238 (size before relaxing)
 .eh_frame      0x000000000002d2f0       0xa0 build/cooja/mtype31.a(buttons.o)
                                         0xb8 (size before relaxing)
 .eh_frame      0x000000000002d390       0x40 build/cooja/mtype31.a(res-external-se)
                                         0x58 (size before relaxing)
 .eh_frame      0x000000000002d3d0       0x40 build/cooja/mtype31.a(external-sensor)
                                         0x58 (size before relaxing)
 .eh_frame      0x000000000002d410       0x44 build/cooja/mtype31.a(coap-blocking-a)
                                         0x5c (size before relaxing)
 .eh_frame      0x000000000002d454      0x220 build/cooja/mtype31.a(coap-engine.o)
                                        0x238 (size before relaxing)
 .eh_frame      0x000000000002d674       0x24 build/cooja/mtype31.a(coap-res-well-k)
                                         0x3c (size before relaxing)
 .eh_frame      0x000000000002d698      0x188 build/cooja/mtype31.a(coap-observe.o)
                                        0x1a0 (size before relaxing)
 .eh_frame      0x000000000002d820      0x250 build/cooja/mtype31.a(coap-uip.o)
                                        0x268 (size before relaxing)
 .eh_frame      0x000000000002da70      0x114 build/cooja/mtype31.a(coap-timer.o)
                                        0x12c (size before relaxing)
 .eh_frame      0x000000000002db84      0x100 build/cooja/mtype31.a(coap-transactio)
                                        0x118 (size before relaxing)
 .eh_frame      0x000000000002dc84      0x6ec build/cooja/mtype31.a(coap.o)
                                        0x704 (size before relaxing)
 .eh_frame      0x000000000002e370       0x30 build/cooja/mtype31.a(contiki-main.o)
                                         0x48 (size before relaxing)
 .eh_frame      0x000000000002e3a0       0x40 build/cooja/mtype31.a(autostart.o)
                                         0x58 (size before relaxing)
 .eh_frame      0x000000000002e3e0      0x100 build/cooja/mtype31.a(ctimer.o)
                                        0x118 (size before relaxing)
 .eh_frame      0x000000000002e4e0      0x100 build/cooja/mtype31.a(log.o)
                                        0x118 (size before relaxing)
 .eh_frame      0x000000000002e5e0       0x60 build/cooja/mtype31.a(energest.o)
                                         0x78 (size before relaxing)
 .eh_frame      0x000000000002e640      0x1e0 build/cooja/mtype31.a(etimer.o)
                                        0x1f8 (size before relaxing)
 .eh_frame      0x000000000002e820       0x20 build/cooja/mtype31.a(node-id.o)
                                         0x38 (size before relaxing)
 .eh_frame      0x000000000002e840       0x60 build/cooja/mtype31.a(rtimer.o)
                                         0x78 (size before relaxing)
 .eh_frame      0x000000000002e8a0      0x1c4 build/cooja/mtype31.a(process.o)
                                        0x1dc (size before relaxing)
 .eh_frame      0x000000000002ea64       0xa4 build/cooja/mtype31.a(timer.o)
                                         0xbc (size before relaxing)
 .eh_frame      0x000000000002eb08      0x1a0 build/cooja/mtype31.a(list.o)
                                        0x1b8 (size before relaxing)
 .eh_frame      0x000000000002eca8       0xa0 build/cooja/mtype31.a(memb.o)
                                         0xb8 (size before relaxing)
 .eh_frame      0x000000000002ed48       0x60 build/cooja/mtype31.a(serial-line.o)
                                         0x78 (size before relaxing)
 .eh_frame      0x000000000002eda8       0xe0 build/cooja/mtype31.a(gpio-hal.o)
                                         0xf8 (size before relaxing)
 .eh_frame      0x000000000002ee88      0x1a0 build/cooja/mtype31.a(queuebuf.o)
                                        0x1b8 (size before relaxing)
 .eh_frame      0x000000000002f028      0x28c build/cooja/mtype31.a(packetbuf.o)
                                        0x2a4 (size before relaxing)
 .eh_frame      0x000000000002f2b4       0x80 build/cooja/mtype31.a(netstack.o)
                                         0x98 (size before relaxing)
 .eh_frame      0x000000000002f334       0x60 build/cooja/mtype31.a(linkaddr.o)
                                         0x78 (size before relaxing)
 .eh_frame      0x000000000002f394       0xe0 build/cooja/mtype31.a(csma.o)
                                         0xf8 (size before relaxing)
 .eh_frame      0x000000000002f474      0x1d0 build/cooja/mtype31.a(csma-output.o)
                                        0x1e8 (size before relaxing)
 .eh_frame      0x000000000002f644      0x328 build/cooja/mtype31.a(uip-ds6.o)
                                        0x340 (size before relaxing)
 .eh_frame      0x000000000002f96c       0x40 build/cooja/mtype31.a(uip-udp-packet.)
                                         0x58 (size before relaxing)
 .eh_frame      0x000000000002f9ac      0x220 build/cooja/mtype31.a(uip-ds6-route.o)
                                        0x238 (size before relaxing)
 .eh_frame      0x000000000002fbcc      0x244 build/cooja/mtype31.a(tcpip.o)
                                        0x25c (size before relaxing)
 .eh_frame      0x000000000002fe10      0x1e8 build/cooja/mtype31.a(uip6.o)
                                        0x200 (size before relaxing)
 .eh_frame      0x000000000002fff8      0x1c0 build/cooja/mtype31.a(uip-ds6-nbr.o)
                                        0x1d8 (size before relaxing)
 .eh_frame      0x00000000000301b8       0x84 build/cooja/mtype31.a(uip-nd6.o)
                                         0x9c (size before relaxing)
 .eh_frame      0x000000000003023c      0x2f8 build/cooja/mtype31.a(sicslowpan.o)
                                        0x310 (size before relaxing)
 .eh_frame      0x0000000000030534       0x88 build/cooja/mtype31.a(uiplib.o)
                                         0xa0 (size before relaxing)
 .eh_frame      0x00000000000305bc      0x1e0 build/cooja/mtype31.a(rpl.o)
                                        0x1f8 (size before relaxing)
 .eh_frame      0x000000000003079c      0x1c4 build/cooja/mtype31.a(rpl-icmp6.o)
                                        0x1dc (size before relaxing)
 .eh_frame      0x0000000000030960       0xa0 build/cooja/mtype31.a(rpl-dag-root.o)
                                         0xb8 (size before relaxing)
 .eh_frame      0x0000000000030a00       0xa0 build/cooja/mtype31.a(watchdog.o)
                                         0xb8 (size before relaxing)
 .eh_frame      0x0000000000030aa0       0xa4 build/cooja/mtype31.a(coap-timer-defa)
                                         0xbc (size before relaxing)
 .eh_frame      0x0000000000030b44       0xc4 build/cooja/mtype31.a(stimer.o)
                                         0xdc (size before relaxing)
 .eh_frame      0x0000000000030c08       0xa0 build/cooja/mtype31.a(ringbuf.o)
                                         0xb8 (size before relaxing)
 .eh_frame      0x0000000000030ca8       0x20 build/cooja/mtype31.a(assert.o)
                                         0x38 (size before relaxing)
 .eh_frame      0x0000000000030cc8      0x2ac build/cooja/mtype31.a(nbr-table.o)
                                        0x2c4 (size before relaxing)
 .eh_frame      0x0000000000030f74      0x120 build/cooja/mtype31.a(link-stats.o)
                                        0x138 (size before relaxing)
 .eh_frame      0x0000000000031094       0x48 build/cooja/mtype31.a(mac-sequence.o)
                                         0x60 (size before relaxing)
 .eh_frame      0x00000000000310dc       0x20 build/cooja/mtype31.a(mac.o)
                                         0x38 (size before relaxing)
 .eh_frame      0x00000000000310fc       0xa4 build/cooja/mtype31.a(framer-802154.o)
                                         0xbc (size before relaxing)
 .eh_frame      0x00000000000311a0      0x1a4 build/cooja/mtype31.a(frame802154.o)
                                        0x1bc (size before relaxing)
 .eh_frame      0x0000000000031344       0x40 build/cooja/mtype31.a(csma-security.o)
                                         0x58 (size before relaxing)
 .eh_frame      0x0000000000031384      0x200 build/cooja/mtype31.a(uipbuf.o)
                                        0x218 (size before relaxing)
 .eh_frame      0x0000000000031584      0x150 build/cooja/mtype31.a(uip-icmp6.o)
                                        0x168 (size before relaxing)
 .eh_frame      0x00000000000316d4      0x184 build/cooja/mtype31.a(uip-sr.o)
                                        0x19c (size before relaxing)
 .eh_frame      0x0000000000031858       0xe0 build/cooja/mtype31.a(uip-packetqueue)
                                         0xf8 (size before relaxing)
 .eh_frame      0x0000000000031938       0x80 build/cooja/mtype31.a(rpl-nbr-policy.)
                                         0x98 (size before relaxing)
 .eh_frame      0x00000000000319b8      0x2d4 build/cooja/mtype31.a(rpl-neighbor.o)
                                        0x2ec (size before relaxing)
 .eh_frame      0x0000000000031c8c      0x370 build/cooja/mtype31.a(rpl-dag.o)
                                        0x388 (size before relaxing)
 .eh_frame      0x0000000000031ffc      0x3a8 build/cooja/mtype31.a(rpl-timers.o)
                                        0x3c0 (size before relaxing)
 .eh_frame      0x00000000000323a4      0x124 build/cooja/mtype31.a(rpl-ext-header.)
                                        0x13c (size before relaxing)
 .eh_frame      0x00000000000324c8      0x148 build/cooja/mtype31.a(rpl-mrhof.o)
                                        0x160 (size before relaxing)
 .eh_frame      0x0000000000032610       0x84 /usr/lib/gcc/i686-linux-gnu/5/libgcc.a(_udivdi3.o)
                                         0x9c (size before relaxing)
 .eh_frame      0x0000000000032694        0x4 /usr/lib/gcc/i686-linux-gnu/5/crtendS.o
 *(.eh_frame.*)

.gcc_except_table
 *(.gcc_except_table .gcc_except_table.*)

.gnu_extab
 *(.gnu_extab*)

.exception_ranges
 *(.exception_ranges .exception_ranges*)
                0x0000000000033f10                . = DATA_SEGMENT_ALIGN (0x1000, 0x1000)

.eh_frame
 *(.eh_frame)
 *(.eh_frame.*)

.gnu_extab
 *(.gnu_extab)

.gcc_except_table
 *(.gcc_except_table .gcc_except_table.*)

.exception_ranges
 *(.exception_ranges .exception_ranges*)

.tdata
 *(.tdata .tdata.* .gnu.linkonce.td.*)

.tbss
 *(.tbss .tbss.* .gnu.linkonce.tb.*)
 *(.tcommon)

.preinit_array
 *(.preinit_array)

.init_array     0x0000000000033f10        0x4
 *(SORT(.init_array.*) SORT(.ctors.*))
 *(.init_array EXCLUDE_FILE(*crtend?.o *crtend.o *crtbegin?.o *crtbegin.o) .ctors)
 .init_array    0x0000000000033f10        0x4 /usr/lib/gcc/i686-linux-gnu/5/crtbeginS.o

.fini_array     0x0000000000033f14        0x4
 *(SORT(.fini_array.*) SORT(.dtors.*))
 *(.fini_array EXCLUDE_FILE(*crtend?.o *crtend.o *crtbegin?.o *crtbegin.o) .dtors)
 .fini_array    0x0000000000033f14        0x4 /usr/lib/gcc/i686-linux-gnu/5/crtbeginS.o

.ctors
 *crtbegin.o(.ctors)
 *crtbegin?.o(.ctors)
 *(EXCLUDE_FILE(*crtend?.o *crtend.o) .ctors)
 *(SORT(.ctors.*))
 *(.ctors)

.dtors
 *crtbegin.o(.dtors)
 *crtbegin?.o(.dtors)
 *(EXCLUDE_FILE(*crtend?.o *crtend.o) .dtors)
 *(SORT(.dtors.*))
 *(.dtors)

.jcr            0x0000000000033f18        0x4
 *(.jcr)
 .jcr           0x0000000000033f18        0x0 /usr/lib/gcc/i686-linux-gnu/5/crtbeginS.o
 .jcr           0x0000000000033f18        0x4 /usr/lib/gcc/i686-linux-gnu/5/crtendS.o

.data.rel.ro
 *(.data.rel.ro.local* .gnu.linkonce.d.rel.ro.local.*)
 *(.data.rel.ro .data.rel.ro.* .gnu.linkonce.d.rel.ro.*)

.dynamic        0x0000000000033f1c       0xd0
 *(.dynamic)
 .dynamic       0x0000000000033f1c       0xd0 /usr/lib/gcc/i686-linux-gnu/5/../../../i386-linux-gnu/crti.o
                0x0000000000033f1c                _DYNAMIC

.got            0x0000000000033fec       0x14
 *(.got)
 .got           0x0000000000033fec       0x14 /usr/lib/gcc/i686-linux-gnu/5/../../../i386-linux-gnu/crti.o
 *(.igot)
                0x0000000000034ff4                . = DATA_SEGMENT_RELRO_END (., (SIZEOF (.got.plt) >= 0xc)?0xc:0x0)

.got.plt        0x0000000000034000        0xc
 *(.got.plt)
 .got.plt       0x0000000000034000        0xc /usr/lib/gcc/i686-linux-gnu/5/../../../i386-linux-gnu/crti.o
                0x0000000000034000                _GLOBAL_OFFSET_TABLE_
 *(.igot.plt)

.data           0x0000000000034020      0x444
 *(.data .data.* .gnu.linkonce.d.*)
 .data          0x0000000000034020        0x0 /usr/lib/gcc/i686-linux-gnu/5/../../../i386-linux-gnu/crti.o
 .data          0x0000000000034020        0x0 /usr/lib/gcc/i686-linux-gnu/5/crtbeginS.o
 .data.rel.local
                0x0000000000034020        0x4 /usr/lib/gcc/i686-linux-gnu/5/crtbeginS.o
                0x0000000000034020                __dso_handle
 .data          0x0000000000034024       0x24 external-light-sensor.o
                0x0000000000034024                button_hal_process
                0x0000000000034034                service_url
                0x0000000000034038                ext_sensor_process
 *fill*         0x0000000000034048       0x18 
 .data          0x0000000000034060       0x44 build/cooja/mtype31.o
                0x0000000000034060                simInterfaces
                0x0000000000034094                sensors
 .data          0x00000000000340a4        0x0 build/cooja/mtype31.a(simEnvChange.o)
 .data          0x00000000000340a4        0x0 build/cooja/mtype31.a(cooja_mt.o)
 .data          0x00000000000340a4        0x0 build/cooja/mtype31.a(cooja_mtarch.o)
 .data          0x00000000000340a4        0x0 build/cooja/mtype31.a(rtimer-arch.o)
 .data          0x00000000000340a4        0x0 build/cooja/mtype31.a(int-master.o)
 .data          0x00000000000340a4        0x0 build/cooja/mtype31.a(beep.o)
 .data          0x00000000000340a4        0x0 build/cooja/mtype31.a(leds-arch.o)
 .data          0x00000000000340a4        0x0 build/cooja/mtype31.a(moteid.o)
 .data          0x00000000000340a4        0x0 build/cooja/mtype31.a(pir-sensor.o)
 .data          0x00000000000340a4        0x0 build/cooja/mtype31.a(rs232.o)
 .data          0x00000000000340a4        0x0 build/cooja/mtype31.a(vib-sensor.o)
 .data          0x00000000000340a4        0x0 build/cooja/mtype31.a(clock.o)
 .data          0x00000000000340a4        0x0 build/cooja/mtype31.a(cooja-log.o)
 .data          0x00000000000340a4        0x0 build/cooja/mtype31.a(cfs-cooja.o)
 .data          0x00000000000340a4       0x2c build/cooja/mtype31.a(cooja-radio.o)
                0x00000000000340a4                simRadioHWOn
                0x00000000000340a8                simSignalStrength
                0x00000000000340ac                simLastSignalStrength
                0x00000000000340b0                simPower
                0x00000000000340b4                simRadioChannel
                0x00000000000340b8                simLQI
                0x00000000000340c0                cooja_radio_process
 .data          0x00000000000340d0        0x0 build/cooja/mtype31.a(eeprom.o)
 .data          0x00000000000340d0        0x0 build/cooja/mtype31.a(random.o)
 .data          0x00000000000340d0       0x10 build/cooja/mtype31.a(sensors.o)
                0x00000000000340d0                sensors_process
 .data          0x00000000000340e0        0x0 build/cooja/mtype31.a(leds.o)
 .data          0x00000000000340e0        0x0 build/cooja/mtype31.a(gpio-hal-arch.o)
 .data          0x00000000000340e0       0x78 build/cooja/mtype31.a(buttons.o)
                0x00000000000340e0                simButtonIsActive
                0x0000000000034150                button_hal_buttons
 *fill*         0x0000000000034158        0x8 
 .data          0x0000000000034160       0x24 build/cooja/mtype31.a(res-external-se)
                0x0000000000034160                res_external_light_sensor
 .data          0x0000000000034184        0x4 build/cooja/mtype31.a(external-sensor)
 .data          0x0000000000034188        0x0 build/cooja/mtype31.a(coap-blocking-a)
 .data          0x0000000000034188        0x8 build/cooja/mtype31.a(coap-engine.o)
 *fill*         0x0000000000034190       0x10 
 .data          0x00000000000341a0       0x24 build/cooja/mtype31.a(coap-res-well-k)
                0x00000000000341a0                res_well_known_core
 .data          0x00000000000341c4       0x10 build/cooja/mtype31.a(coap-observe.o)
 .data          0x00000000000341d4       0x10 build/cooja/mtype31.a(coap-uip.o)
                0x00000000000341d4                coap_engine
 .data          0x00000000000341e4        0x4 build/cooja/mtype31.a(coap-timer.o)
 .data          0x00000000000341e8       0x10 build/cooja/mtype31.a(coap-transactio)
 .data          0x00000000000341f8        0x4 build/cooja/mtype31.a(coap.o)
                0x00000000000341f8                coap_error_message
 .data          0x00000000000341fc        0x0 build/cooja/mtype31.a(contiki-main.o)
 .data          0x00000000000341fc        0x0 build/cooja/mtype31.a(autostart.o)
 .data          0x00000000000341fc       0x14 build/cooja/mtype31.a(ctimer.o)
                0x0000000000034200                ctimer_process
 *fill*         0x0000000000034210       0x10 
 .data          0x0000000000034220       0xbc build/cooja/mtype31.a(log.o)
                0x0000000000034220                curr_log_level_main
                0x0000000000034240                all_modules
 .data          0x00000000000342dc        0x0 build/cooja/mtype31.a(energest.o)
 .data          0x00000000000342dc       0x10 build/cooja/mtype31.a(etimer.o)
                0x00000000000342dc                etimer_process
 .data          0x00000000000342ec        0x0 build/cooja/mtype31.a(node-id.o)
 .data          0x00000000000342ec        0x0 build/cooja/mtype31.a(rtimer.o)
 .data          0x00000000000342ec        0x0 build/cooja/mtype31.a(process.o)
 .data          0x00000000000342ec        0x0 build/cooja/mtype31.a(timer.o)
 .data          0x00000000000342ec        0x0 build/cooja/mtype31.a(list.o)
 .data          0x00000000000342ec        0x0 build/cooja/mtype31.a(memb.o)
 .data          0x00000000000342ec       0x10 build/cooja/mtype31.a(serial-line.o)
                0x00000000000342ec                serial_line_process
 .data          0x00000000000342fc        0x4 build/cooja/mtype31.a(gpio-hal.o)
 .data          0x0000000000034300       0x18 build/cooja/mtype31.a(queuebuf.o)
 .data          0x0000000000034318        0x4 build/cooja/mtype31.a(packetbuf.o)
 .data          0x000000000003431c        0x4 build/cooja/mtype31.a(netstack.o)
 .data          0x0000000000034320        0x0 build/cooja/mtype31.a(linkaddr.o)
 .data          0x0000000000034320        0x0 build/cooja/mtype31.a(csma.o)
 .data          0x0000000000034320       0x28 build/cooja/mtype31.a(csma-output.o)
 .data          0x0000000000034348        0x0 build/cooja/mtype31.a(uip-ds6.o)
 .data          0x0000000000034348        0x0 build/cooja/mtype31.a(uip-udp-packet.)
 .data          0x0000000000034348       0x10 build/cooja/mtype31.a(uip-ds6-route.o)
 .data          0x0000000000034358       0x10 build/cooja/mtype31.a(tcpip.o)
                0x0000000000034358                tcpip_process
 .data          0x0000000000034368        0x0 build/cooja/mtype31.a(uip6.o)
 .data          0x0000000000034368       0x14 build/cooja/mtype31.a(uip-ds6-nbr.o)
 .data          0x000000000003437c        0xc build/cooja/mtype31.a(uip-nd6.o)
 .data          0x0000000000034388        0x0 build/cooja/mtype31.a(sicslowpan.o)
 .data          0x0000000000034388        0x0 build/cooja/mtype31.a(uiplib.o)
 .data          0x0000000000034388        0x0 build/cooja/mtype31.a(rpl.o)
 .data          0x0000000000034388       0x30 build/cooja/mtype31.a(rpl-icmp6.o)
 .data          0x00000000000343b8        0x0 build/cooja/mtype31.a(rpl-dag-root.o)
 .data          0x00000000000343b8        0x0 build/cooja/mtype31.a(watchdog.o)
 .data          0x00000000000343b8       0x10 build/cooja/mtype31.a(coap-timer-defa)
                0x00000000000343b8                coap_timer_process
 .data          0x00000000000343c8        0x0 build/cooja/mtype31.a(stimer.o)
 .data          0x00000000000343c8        0x0 build/cooja/mtype31.a(ringbuf.o)
 .data          0x00000000000343c8        0x0 build/cooja/mtype31.a(assert.o)
 .data          0x00000000000343c8       0x10 build/cooja/mtype31.a(nbr-table.o)
 .data          0x00000000000343d8       0x14 build/cooja/mtype31.a(link-stats.o)
 .data          0x00000000000343ec        0x0 build/cooja/mtype31.a(mac-sequence.o)
 .data          0x00000000000343ec        0x0 build/cooja/mtype31.a(mac.o)
 .data          0x00000000000343ec        0x0 build/cooja/mtype31.a(framer-802154.o)
 .data          0x00000000000343ec        0x2 build/cooja/mtype31.a(frame802154.o)
 .data          0x00000000000343ee        0x0 build/cooja/mtype31.a(csma-security.o)
 .data          0x00000000000343ee        0x0 build/cooja/mtype31.a(uipbuf.o)
 *fill*         0x00000000000343ee        0x2 
 .data          0x00000000000343f0       0x20 build/cooja/mtype31.a(uip-icmp6.o)
 .data          0x0000000000034410       0x10 build/cooja/mtype31.a(uip-sr.o)
 .data          0x0000000000034420        0xc build/cooja/mtype31.a(uip-packetqueue)
 .data          0x000000000003442c        0x0 build/cooja/mtype31.a(rpl-nbr-policy.)
 .data          0x000000000003442c       0x14 build/cooja/mtype31.a(rpl-neighbor.o)
                0x000000000003443c                rpl_neighbors
 .data          0x0000000000034440        0x0 build/cooja/mtype31.a(rpl-dag.o)
 .data          0x0000000000034440        0x0 build/cooja/mtype31.a(rpl-timers.o)
 .data          0x0000000000034440        0x0 build/cooja/mtype31.a(rpl-ext-header.)
 .data          0x0000000000034440       0x24 build/cooja/mtype31.a(rpl-mrhof.o)
                0x0000000000034440                rpl_mrhof
 .data          0x0000000000034464        0x0 /usr/lib/gcc/i686-linux-gnu/5/libgcc.a(_udivdi3.o)
 .data          0x0000000000034464        0x0 /usr/lib/gcc/i686-linux-gnu/5/crtendS.o
 .data          0x0000000000034464        0x0 /usr/lib/gcc/i686-linux-gnu/5/../../../i386-linux-gnu/crtn.o

.tm_clone_table
                0x0000000000034464        0x0
 .tm_clone_table
                0x0000000000034464        0x0 /usr/lib/gcc/i686-linux-gnu/5/crtbeginS.o
 .tm_clone_table
                0x0000000000034464        0x0 /usr/lib/gcc/i686-linux-gnu/5/crtendS.o

.data1
 *(.data1)
                0x0000000000034464                _edata = .
                [!provide]                        PROVIDE (edata, .)
                0x0000000000034464                . = .
                0x0000000000034464                __bss_start = .

.bss            0x0000000000034480    0x13f84
 *(.dynbss)
 .dynbss        0x0000000000034480        0x0 /usr/lib/gcc/i686-linux-gnu/5/../../../i386-linux-gnu/crti.o
 *(.bss .bss.* .gnu.linkonce.b.*)
 .bss           0x0000000000034480        0x0 /usr/lib/gcc/i686-linux-gnu/5/../../../i386-linux-gnu/crti.o
 .bss           0x0000000000034480        0x1 /usr/lib/gcc/i686-linux-gnu/5/crtbeginS.o
 *fill*         0x0000000000034481       0x1f 
 .bss           0x00000000000344a0      0x13c external-light-sensor.o
 *fill*         0x00000000000345dc        0x4 
 .bss           0x00000000000345e0     0x2030 build/cooja/mtype31.o
 .bss           0x0000000000036610        0x1 build/cooja/mtype31.a(simEnvChange.o)
                0x0000000000036610                simDontFallAsleep
 *fill*         0x0000000000036611        0x3 
 .bss           0x0000000000036614        0x4 build/cooja/mtype31.a(cooja_mt.o)
 .bss           0x0000000000036618        0x4 build/cooja/mtype31.a(cooja_mtarch.o)
 .bss           0x000000000003661c        0x0 build/cooja/mtype31.a(rtimer-arch.o)
 .bss           0x000000000003661c        0x4 build/cooja/mtype31.a(int-master.o)
 .bss           0x0000000000036620        0x0 build/cooja/mtype31.a(beep.o)
 .bss           0x0000000000036620        0x1 build/cooja/mtype31.a(leds-arch.o)
                0x0000000000036620                simLedsValue
 .bss           0x0000000000036621        0x0 build/cooja/mtype31.a(moteid.o)
 .bss           0x0000000000036621        0x1 build/cooja/mtype31.a(pir-sensor.o)
                0x0000000000036621                simPirValue
 *fill*         0x0000000000036622        0x2 
 .bss           0x0000000000036624        0x4 build/cooja/mtype31.a(rs232.o)
 .bss           0x0000000000036628        0x1 build/cooja/mtype31.a(vib-sensor.o)
                0x0000000000036628                simVibValue
 .bss           0x0000000000036629        0x0 build/cooja/mtype31.a(clock.o)
 *fill*         0x0000000000036629       0x17 
 .bss           0x0000000000036640     0x2020 build/cooja/mtype31.a(cooja-log.o)
 .bss           0x0000000000038660      0xfc0 build/cooja/mtype31.a(cfs-cooja.o)
                0x0000000000038660                simCFSData
                0x0000000000039600                simCFSSize
                0x0000000000039604                simCFSChanged
                0x0000000000039608                simCFSRead
                0x000000000003960c                simCFSWritten
 .bss           0x0000000000039620       0x24 build/cooja/mtype31.a(cooja-radio.o)
                0x0000000000039620                simReceiving
                0x0000000000039624                simInSize
                0x0000000000039628                simLastPacketTimestamp
                0x0000000000039630                simOutSize
 .bss           0x0000000000039644        0xc build/cooja/mtype31.a(eeprom.o)
                0x0000000000039644                simEEPROMChanged
                0x0000000000039648                simEEPROMRead
                0x000000000003964c                simEEPROMWritten
 .bss           0x0000000000039650        0x0 build/cooja/mtype31.a(random.o)
 .bss           0x0000000000039650        0xc build/cooja/mtype31.a(sensors.o)
 .bss           0x000000000003965c        0x0 build/cooja/mtype31.a(leds.o)
 .bss           0x000000000003965c       0x24 build/cooja/mtype31.a(gpio-hal-arch.o)
 .bss           0x0000000000039680        0x0 build/cooja/mtype31.a(buttons.o)
 .bss           0x0000000000039680        0x4 build/cooja/mtype31.a(res-external-se)
 .bss           0x0000000000039684        0x0 build/cooja/mtype31.a(external-sensor)
 .bss           0x0000000000039684        0x0 build/cooja/mtype31.a(coap-blocking-a)
 *fill*         0x0000000000039684       0x1c 
 .bss           0x00000000000396a0      0x190 build/cooja/mtype31.a(coap-engine.o)
 .bss           0x0000000000039830        0x0 build/cooja/mtype31.a(coap-res-well-k)
 *fill*         0x0000000000039830       0x10 
 .bss           0x0000000000039840      0x120 build/cooja/mtype31.a(coap-observe.o)
 .bss           0x0000000000039960       0x18 build/cooja/mtype31.a(coap-uip.o)
 .bss           0x0000000000039978        0x5 build/cooja/mtype31.a(coap-timer.o)
 *fill*         0x000000000003997d        0x3 
 .bss           0x0000000000039980      0x334 build/cooja/mtype31.a(coap-transactio)
 .bss           0x0000000000039cb4        0x6 build/cooja/mtype31.a(coap.o)
                0x0000000000039cb4                coap_status_code
 .bss           0x0000000000039cba        0x0 build/cooja/mtype31.a(contiki-main.o)
 .bss           0x0000000000039cba        0x0 build/cooja/mtype31.a(autostart.o)
 *fill*         0x0000000000039cba        0x2 
 .bss           0x0000000000039cbc        0x5 build/cooja/mtype31.a(ctimer.o)
 *fill*         0x0000000000039cc1        0x3 
 .bss           0x0000000000039cc4       0x2c build/cooja/mtype31.a(log.o)
                0x0000000000039cc4                curr_log_level_rpl
                0x0000000000039cc8                curr_log_level_tcpip
                0x0000000000039ccc                curr_log_level_ipv6
                0x0000000000039cd0                curr_log_level_6lowpan
                0x0000000000039cd4                curr_log_level_nullnet
                0x0000000000039cd8                curr_log_level_mac
                0x0000000000039cdc                curr_log_level_framer
                0x0000000000039ce0                curr_log_level_6top
                0x0000000000039ce4                curr_log_level_coap
                0x0000000000039ce8                curr_log_level_snmp
                0x0000000000039cec                curr_log_level_lwm2m
 .bss           0x0000000000039cf0        0x0 build/cooja/mtype31.a(energest.o)
 .bss           0x0000000000039cf0        0x8 build/cooja/mtype31.a(etimer.o)
 .bss           0x0000000000039cf8        0x2 build/cooja/mtype31.a(node-id.o)
                0x0000000000039cf8                node_id
 *fill*         0x0000000000039cfa        0x2 
 .bss           0x0000000000039cfc        0x4 build/cooja/mtype31.a(rtimer.o)
 .bss           0x0000000000039d00      0x1a1 build/cooja/mtype31.a(process.o)
                0x0000000000039d00                process_list
                0x0000000000039d04                process_current
 .bss           0x0000000000039ea1        0x0 build/cooja/mtype31.a(timer.o)
 .bss           0x0000000000039ea1        0x0 build/cooja/mtype31.a(list.o)
 .bss           0x0000000000039ea1        0x0 build/cooja/mtype31.a(memb.o)
 *fill*         0x0000000000039ea1       0x1f 
 .bss           0x0000000000039ec0      0x140 build/cooja/mtype31.a(serial-line.o)
 .bss           0x000000000003a000        0x4 build/cooja/mtype31.a(gpio-hal.o)
 *fill*         0x000000000003a004       0x1c 
 .bss           0x000000000003a020     0x2c80 build/cooja/mtype31.a(queuebuf.o)
 .bss           0x000000000003cca0       0xa0 build/cooja/mtype31.a(packetbuf.o)
 .bss           0x000000000003cd40        0x4 build/cooja/mtype31.a(netstack.o)
 .bss           0x000000000003cd44        0x0 build/cooja/mtype31.a(linkaddr.o)
 .bss           0x000000000003cd44        0x0 build/cooja/mtype31.a(csma.o)
 *fill*         0x000000000003cd44       0x1c 
 .bss           0x000000000003cd60      0x726 build/cooja/mtype31.a(csma-output.o)
 *fill*         0x000000000003d486        0x2 
 .bss           0x000000000003d488       0x30 build/cooja/mtype31.a(uip-ds6.o)
 .bss           0x000000000003d4b8        0x0 build/cooja/mtype31.a(uip-udp-packet.)
 *fill*         0x000000000003d4b8        0x8 
 .bss           0x000000000003d4c0       0x60 build/cooja/mtype31.a(uip-ds6-route.o)
 .bss           0x000000000003d520       0x10 build/cooja/mtype31.a(tcpip.o)
 .bss           0x000000000003d530        0x8 build/cooja/mtype31.a(uip6.o)
                0x000000000003d530                uip_ext_bitmap
                0x000000000003d532                uip_ext_len
                0x000000000003d534                uip_last_proto
 *fill*         0x000000000003d538        0x8 
 .bss           0x000000000003d540     0x1c20 build/cooja/mtype31.a(uip-ds6-nbr.o)
 .bss           0x000000000003f160       0x10 build/cooja/mtype31.a(uip-nd6.o)
 *fill*         0x000000000003f170       0x10 
 .bss           0x000000000003f180      0x724 build/cooja/mtype31.a(sicslowpan.o)
 .bss           0x000000000003f8a4        0x0 build/cooja/mtype31.a(uiplib.o)
 .bss           0x000000000003f8a4        0x1 build/cooja/mtype31.a(rpl.o)
 .bss           0x000000000003f8a5        0x0 build/cooja/mtype31.a(rpl-icmp6.o)
 *fill*         0x000000000003f8a5        0x3 
 .bss           0x000000000003f8a8       0x11 build/cooja/mtype31.a(rpl-dag-root.o)
 .bss           0x000000000003f8b9        0x0 build/cooja/mtype31.a(watchdog.o)
 *fill*         0x000000000003f8b9        0x7 
 .bss           0x000000000003f8c0       0x1c build/cooja/mtype31.a(coap-timer-defa)