Archive member included to satisfy reference by file (symbol)

build/cooja/mtype668.a(simEnvChange.o)
                              build/cooja/mtype668.o (simDontFallAsleep)
build/cooja/mtype668.a(cooja_mt.o)
                              build/cooja/mtype668.o (cooja_mt_start)
build/cooja/mtype668.a(cooja_mtarch.o)
                              build/cooja/mtype668.a(cooja_mt.o) (cooja_mtarch_start)
build/cooja/mtype668.a(rtimer-arch.o)
                              build/cooja/mtype668.o (rtimer_arch_check)
build/cooja/mtype668.a(int-master.o)
                              smartshutter.o (int_master_read_and_disable)
build/cooja/mtype668.a(beep.o)
                              build/cooja/mtype668.o (beep_interface)
build/cooja/mtype668.a(leds-arch.o)
                              build/cooja/mtype668.o (leds_interface)
build/cooja/mtype668.a(moteid.o)
                              build/cooja/mtype668.o (moteid_interface)
build/cooja/mtype668.a(pir-sensor.o)
                              build/cooja/mtype668.o (pir_interface)
build/cooja/mtype668.a(rs232.o)
                              build/cooja/mtype668.o (rs232_interface)
build/cooja/mtype668.a(vib-sensor.o)
                              build/cooja/mtype668.o (vib_interface)
build/cooja/mtype668.a(clock.o)
                              build/cooja/mtype668.o (clock_interface)
build/cooja/mtype668.a(cooja-log.o)
                              build/cooja/mtype668.o (simlog_interface)
build/cooja/mtype668.a(cfs-cooja.o)
                              build/cooja/mtype668.o (cfs_interface)
build/cooja/mtype668.a(cooja-radio.o)
                              build/cooja/mtype668.o (radio_interface)
build/cooja/mtype668.a(eeprom.o)
                              build/cooja/mtype668.o (eeprom_interface)
build/cooja/mtype668.a(random.o)
                              build/cooja/mtype668.a(moteid.o) (random_init)
build/cooja/mtype668.a(sensors.o)
                              build/cooja/mtype668.a(pir-sensor.o) (sensors_changed)
build/cooja/mtype668.a(leds.o)
                              smartshutter.o (leds_single_on)
build/cooja/mtype668.a(gpio-hal-arch.o)
                              build/cooja/mtype668.a(leds-arch.o) (gpio_hal_arch_register_pin_callback)
build/cooja/mtype668.a(buttons.o)
                              build/cooja/mtype668.o (button_interface)
build/cooja/mtype668.a(res-internal-se)
                              smartshutter.o (res_internal_light_sensor)
build/cooja/mtype668.a(res-shutter-act)
                              smartshutter.o (res_shutter_control)
build/cooja/mtype668.a(shutter-actuato)
                              smartshutter.o (AUTOMATIC_SHUTTER_EVENT)
build/cooja/mtype668.a(presence-sensor)
                              smartshutter.o (OBSTACLE_EVENT)
build/cooja/mtype668.a(internal-sensor)
                              smartshutter.o (int_collect_data)
build/cooja/mtype668.a(coap-blocking-a)
                              smartshutter.o (coap_blocking_request)
build/cooja/mtype668.a(coap-engine.o)
                              smartshutter.o (coap_activate_resource)
build/cooja/mtype668.a(coap-res-well-k)
                              build/cooja/mtype668.a(coap-engine.o) (res_well_known_core)
build/cooja/mtype668.a(coap-observe.o)
                              build/cooja/mtype668.a(coap-engine.o) (coap_remove_observer_by_mid)
build/cooja/mtype668.a(coap-uip.o)
                              build/cooja/mtype668.a(coap-observe.o) (coap_endpoint_copy)
build/cooja/mtype668.a(coap-timer.o)
                              build/cooja/mtype668.a(coap-engine.o) (coap_timer_set)
build/cooja/mtype668.a(coap-transactio)
                              build/cooja/mtype668.a(coap-blocking-a) (coap_send_transaction)
build/cooja/mtype668.a(coap.o)
                              build/cooja/mtype668.a(coap-engine.o) (coap_status_code)
build/cooja/mtype668.a(contiki-main.o)
                              build/cooja/mtype668.o (main)
build/cooja/mtype668.a(autostart.o)
                              build/cooja/mtype668.a(contiki-main.o) (autostart_start)
build/cooja/mtype668.a(ctimer.o)
                              build/cooja/mtype668.a(contiki-main.o) (ctimer_init)
build/cooja/mtype668.a(log.o)
                              build/cooja/mtype668.a(contiki-main.o) (curr_log_level_main)
build/cooja/mtype668.a(energest.o)
                              build/cooja/mtype668.a(contiki-main.o) (energest_init)
build/cooja/mtype668.a(etimer.o)
                              build/cooja/mtype668.a(contiki-main.o) (etimer_process)
build/cooja/mtype668.a(node-id.o)
                              build/cooja/mtype668.a(contiki-main.o) (node_id)
build/cooja/mtype668.a(rtimer.o)
                              build/cooja/mtype668.a(contiki-main.o) (rtimer_init)
build/cooja/mtype668.a(process.o)
                              build/cooja/mtype668.a(coap-blocking-a) (process_current)
build/cooja/mtype668.a(timer.o)
[...]
Memory Configuration

Name             Origin             Length             Attributes
*default*        0x0000000000000000 0xffffffffffffffff

Linker script and memory map

LOAD /usr/lib/gcc/i686-linux-gnu/5/../../../i386-linux-gnu/crti.o
LOAD /usr/lib/gcc/i686-linux-gnu/5/crtbeginS.o
LOAD smartshutter.o
LOAD build/cooja/mtype668.o
LOAD build/cooja/mtype668.a
LOAD /usr/lib/gcc/i686-linux-gnu/5/libgcc.a
LOAD /usr/lib/gcc/i686-linux-gnu/5/libgcc_s.so
LOAD /usr/lib/gcc/i686-linux-gnu/5/../../../i386-linux-gnu/libc.so
START GROUP
LOAD /lib/i386-linux-gnu/libc.so.6
LOAD /usr/lib/i386-linux-gnu/libc_nonshared.a
LOAD /lib/i386-linux-gnu/ld-linux.so.2
END GROUP
LOAD /usr/lib/gcc/i686-linux-gnu/5/libgcc.a
LOAD /usr/lib/gcc/i686-linux-gnu/5/libgcc_s.so
LOAD /usr/lib/gcc/i686-linux-gnu/5/crtendS.o
LOAD /usr/lib/gcc/i686-linux-gnu/5/../../../i386-linux-gnu/crtn.o
                0x0000000000000114                . = (0x0 + SIZEOF_HEADERS)

.note.gnu.build-id
                0x0000000000000114       0x24
 *(.note.gnu.build-id)
 .note.gnu.build-id
                0x0000000000000114       0x24 /usr/lib/gcc/i686-linux-gnu/5/../../../i386-linux-gnu/crti.o

.hash
 *(.hash)

.gnu.hash       0x0000000000000138     0x15e0
 *(.gnu.hash)
 .gnu.hash      0x0000000000000138     0x15e0 /usr/lib/gcc/i686-linux-gnu/5/../../../i386-linux-gnu/crti.o

.dynsym         0x0000000000001718     0x3030
 *(.dynsym)
 .dynsym        0x0000000000001718     0x3030 /usr/lib/gcc/i686-linux-gnu/5/../../../i386-linux-gnu/crti.o

.dynstr         0x0000000000004748     0x37b2
 *(.dynstr)
 .dynstr        0x0000000000004748     0x37b2 /usr/lib/gcc/i686-linux-gnu/5/../../../i386-linux-gnu/crti.o

.gnu.version    0x0000000000007efa      0x606
 *(.gnu.version)
 .gnu.version   0x0000000000007efa      0x606 /usr/lib/gcc/i686-linux-gnu/5/../../../i386-linux-gnu/crti.o

.gnu.version_d  0x0000000000008500        0x0
 *(.gnu.version_d)
 .gnu.version_d
                0x0000000000008500        0x0 /usr/lib/gcc/i686-linux-gnu/5/../../../i386-linux-gnu/crti.o

.gnu.version_r  0x0000000000008500       0x40
 *(.gnu.version_r)
 .gnu.version_r
                0x0000000000008500       0x40 /usr/lib/gcc/i686-linux-gnu/5/../../../i386-linux-gnu/crti.o

.rel.dyn        0x0000000000008540     0x97c8
 *(.rel.init)
 .rel.init      0x0000000000008540        0x0 /usr/lib/gcc/i686-linux-gnu/5/../../../i386-linux-gnu/crti.o
 *(.rel.text .rel.text.* .rel.gnu.linkonce.t.*)
 .rel.text      0x0000000000008540     0x8dd8 /usr/lib/gcc/i686-linux-gnu/5/../../../i386-linux-gnu/crti.o
 *(.rel.fini)
 .rel.fini      0x0000000000011318        0x0 /usr/lib/gcc/i686-linux-gnu/5/../../../i386-linux-gnu/crti.o
 *(.rel.rodata .rel.rodata.* .rel.gnu.linkonce.r.*)
 .rel.rodata    0x0000000000011318      0x588 /usr/lib/gcc/i686-linux-gnu/5/../../../i386-linux-gnu/crti.o
 *(.rel.data.rel.ro .rel.data.rel.ro.* .rel.gnu.linkonce.d.rel.ro.*)
 *(.rel.data .rel.data.* .rel.gnu.linkonce.d.*)
 .rel.data.rel.local
                0x00000000000118a0        0x8 /usr/lib/gcc/i686-linux-gnu/5/../../../i386-linux-gnu/crti.o
 .rel.data      0x00000000000118a8      0x428 /usr/lib/gcc/i686-linux-gnu/5/../../../i386-linux-gnu/crti.o
 *(.rel.tdata .rel.tdata.* .rel.gnu.linkonce.td.*)
 *(.rel.tbss .rel.tbss.* .rel.gnu.linkonce.tb.*)
 *(.rel.ctors)
 *(.rel.dtors)
 *(.rel.got)
 .rel.got       0x0000000000011cd0       0x28 /usr/lib/gcc/i686-linux-gnu/5/../../../i386-linux-gnu/crti.o
 *(.rel.bss .rel.bss.* .rel.gnu.linkonce.b.*)
 *(.rel.ifunc)
 .rel.ifunc     0x0000000000011cf8        0x0 /usr/lib/gcc/i686-linux-gnu/5/../../../i386-linux-gnu/crti.o
 .rel.fini_array
                0x0000000000011cf8        0x8 /usr/lib/gcc/i686-linux-gnu/5/../../../i386-linux-gnu/crti.o
 .rel.init_array
                0x0000000000011d00        0x8 /usr/lib/gcc/i686-linux-gnu/5/../../../i386-linux-gnu/crti.o

.rel.plt        0x0000000000011d08        0x0
 *(.rel.plt)
 .rel.plt       0x0000000000011d08        0x0 /usr/lib/gcc/i686-linux-gnu/5/../../../i386-linux-gnu/crti.o
 *(.rel.iplt)

.init           0x0000000000011d08       0x23
 *(SORT(.init))
 .init          0x0000000000011d08       0x1e /usr/lib/gcc/i686-linux-gnu/5/../../../i386-linux-gnu/crti.o
                0x0000000000011d08                _init
 .init          0x0000000000011d26        0x5 /usr/lib/gcc/i686-linux-gnu/5/../../../i386-linux-gnu/crtn.o

.plt            0x0000000000011d30       0x10
 *(.plt)
 .plt           0x0000000000011d30       0x10 /usr/lib/gcc/i686-linux-gnu/5/../../../i386-linux-gnu/crti.o
 *(.iplt)

.plt.got        0x0000000000011d40       0x10
 *(.plt.got)
 .plt.got       0x0000000000011d40       0x10 /usr/lib/gcc/i686-linux-gnu/5/../../../i386-linux-gnu/crti.o

.text           0x0000000000011d50    0x19062
 *(.text.unlikely .text.*_unlikely .text.unlikely.*)
 .text.unlikely
                0x0000000000011d50        0x0 /usr/lib/gcc/i686-linux-gnu/5/crtbeginS.o
 .text.unlikely
                0x0000000000011d50        0x0 /usr/lib/gcc/i686-linux-gnu/5/libgcc.a(_udivdi3.o)
 *(.text.exit .text.exit.*)
 *(.text.startup .text.startup.*)
 *(.text.hot .text.hot.*)
 *(.text .stub .text.* .gnu.linkonce.t.*)
 .text          0x0000000000011d50        0x0 /usr/lib/gcc/i686-linux-gnu/5/../../../i386-linux-gnu/crti.o
 .gnu.linkonce.t.__x86.get_pc_thunk.bx
                0x0000000000011d50        0x4 /usr/lib/gcc/i686-linux-gnu/5/../../../i386-linux-gnu/crti.o
                0x0000000000011d50                __x86.get_pc_thunk.bx
 *fill*         0x0000000000011d54        0xc 
 .text          0x0000000000011d60      0x11c /usr/lib/gcc/i686-linux-gnu/5/crtbeginS.o
 .text.__x86.get_pc_thunk.dx
                0x0000000000011e7c        0x4 /usr/lib/gcc/i686-linux-gnu/5/crtbeginS.o
                0x0000000000011e7c                __x86.get_pc_thunk.dx
 .text          0x0000000000011e80      0x821 smartshutter.o
                0x0000000000011ff9                button_hal_get_by_id
                0x0000000000012037                button_hal_get_by_index
                0x0000000000012063                button_hal_get_state
                0x00000000000120b5                button_hal_init
                0x000000000001229c                client_chunk_handler
 .text          0x00000000000126a1      0x283 build/cooja/mtype668.o
                0x0000000000012733                platform_init_stage_one
                0x0000000000012746                platform_init_stage_two
                0x0000000000012759                platform_init_stage_three
                0x000000000001276c                platform_main_loop
                0x00000000000127df                Java_org_contikios_cooja_corecomm_Lib3_init
                0x0000000000012816                Java_org_contikios_cooja_corecomm_Lib3_getMemory
                0x0000000000012849                Java_org_contikios_cooja_corecomm_Lib3_setMemory
                0x00000000000128a9                Java_org_contikios_cooja_corecomm_Lib3_tick
                0x0000000000012911                Java_org_contikios_cooja_corecomm_Lib3_setReferenceAddress
 .text          0x0000000000012924       0x65 build/cooja/mtype668.a(simEnvChange.o)
                0x0000000000012924                doActionsBeforeTick
                0x0000000000012956                doActionsAfterTick
 .text          0x0000000000012989       0x83 build/cooja/mtype668.a(cooja_mt.o)
                0x0000000000012989                cooja_mt_start
                0x00000000000129b3                cooja_mt_exec
                0x00000000000129e9                cooja_mt_yield
 .text          0x0000000000012a0c       0xbe build/cooja/mtype668.a(cooja_mtarch.o)
                0x0000000000012a0c                cooja_mtarch_start
                0x0000000000012a7f                cooja_sw
                0x0000000000012aa2                cooja_mtarch_exec
                0x0000000000012abf                cooja_mtarch_yield
 .text          0x0000000000012aca       0xc5 build/cooja/mtype668.a(rtimer-arch.o)
                0x0000000000012aca                rtimer_arch_init
                0x0000000000012aee                rtimer_arch_schedule
                0x0000000000012b1e                rtimer_arch_next
                0x0000000000012b2e                rtimer_arch_pending
                0x0000000000012b38                rtimer_arch_check
                0x0000000000012b7f                rtimer_arch_now
 .text          0x0000000000012b8f       0x4a build/cooja/mtype668.a(int-master.o)
                0x0000000000012b8f                int_master_enable
                0x0000000000012b9f                int_master_read_and_disable
                0x0000000000012bbc                int_master_status_set
                0x0000000000012bca                int_master_is_enabled
 .text          0x0000000000012bd9       0x81 build/cooja/mtype668.a(beep.o)
                0x0000000000012bd9                beep_alarm
                0x0000000000012be6                beep_beep
                0x0000000000012bf3                beep
                0x0000000000012c00                beep_down
                0x0000000000012c0d                beep_on
                0x0000000000012c1a                beep_off
                0x0000000000012c27                beep_spinup
                0x0000000000012c34                beep_quick
                0x0000000000012c41                beep_long
 .text          0x0000000000012c5a       0x65 build/cooja/mtype668.a(leds-arch.o)
                0x0000000000012c6d                leds_arch_init
 .text          0x0000000000012cbf       0x35 build/cooja/mtype668.a(moteid.o)
 .text          0x0000000000012cf4       0xb7 build/cooja/mtype668.a(pir-sensor.o)
 .text          0x0000000000012dab      0x148 build/cooja/mtype668.a(rs232.o)
                0x0000000000012dab                rs232_init
                0x0000000000012db1                rs232_set_speed
                0x0000000000012dc0                rs232_set_input
                0x0000000000012dce                rs232_send
                0x0000000000012df2                rs232_print
                0x0000000000012e0e                slip_arch_writeb
 .text          0x0000000000012ef3       0xb7 build/cooja/mtype668.a(vib-sensor.o)
 .text          0x0000000000012faa       0x38 build/cooja/mtype668.a(clock.o)
                0x0000000000012faa                clock_init
                0x0000000000012fb0                clock_time
                0x0000000000012fba                clock_seconds
                0x0000000000012fd0                clock_delay
 .text          0x0000000000012fe2      0x219 build/cooja/mtype668.a(cooja-log.o)
                0x0000000000012fe2                simlog_char
                0x0000000000013025                simlog
                0x000000000001309b                log_message
                0x00000000000130cc                log_set_putchar_with_slip
                0x00000000000130da                log_putchar
                0x0000000000013155                log_puts
                0x000000000001317d                log_printf
 .text          0x00000000000131fb      0x2b9 build/cooja/mtype668.a(cfs-cooja.o)
                0x00000000000131fb                cfs_open
                0x0000000000013264                cfs_close
                0x0000000000013271                cfs_read
                0x0000000000013306                cfs_write
                0x00000000000133e2                cfs_seek
                0x000000000001346a                cfs_remove
                0x000000000001348e                cfs_opendir
                0x0000000000013498                cfs_readdir
                0x00000000000134a2                cfs_closedir
 .text          0x00000000000134b4      0x620 build/cooja/mtype668.a(cooja-radio.o)
                0x00000000000134f6                radio_set_channel
                0x0000000000013504                radio_set_txpower
                0x000000000001351c                radio_signal_strength_last
                0x0000000000013526                radio_signal_strength_current
                0x0000000000013530                radio_LQI
 .text          0x0000000000013ad4       0xee build/cooja/mtype668.a(eeprom.o)
                0x0000000000013ad4                eeprom_init
                0x0000000000013ada                eeprom_read
                0x0000000000013b48                eeprom_write
 .text          0x0000000000013bc2       0x2d build/cooja/mtype668.a(random.o)
                0x0000000000013bc2                random_init
                0x0000000000013be2                random_rand
 .text          0x0000000000013bef      0x29c build/cooja/mtype668.a(sensors.o)
                0x0000000000013c2a                sensors_first
                0x0000000000013c34                sensors_next
                0x0000000000013c4e                sensors_changed
                0x0000000000013c82                sensors_find
 .text          0x0000000000013e8b      0x349 build/cooja/mtype668.a(leds.o)
                0x0000000000013e8b                leds_init
                0x0000000000013ed2                leds_single_on
                0x0000000000013f31                leds_single_off
                0x0000000000013f90                leds_single_toggle
                0x0000000000013fc2                leds_on
                0x0000000000014044                leds_off
                0x00000000000140c6                leds_toggle
                0x000000000001411b                leds_set
                0x0000000000014147                leds_get
 .text          0x00000000000141d4      0x343 build/cooja/mtype668.a(gpio-hal-arch.o)
                0x00000000000141d4                gpio_hal_arch_register_pin_callback
                0x0000000000014240                gpio_hal_arch_init
                0x0000000000014285                gpio_hal_arch_no_port_interrupt_enable
                0x00000000000142b5                gpio_hal_arch_no_port_interrupt_disable
                0x00000000000142e5                gpio_hal_arch_no_port_pin_cfg_set
                0x000000000001430a                gpio_hal_arch_no_port_pin_cfg_get
                0x0000000000014330                gpio_hal_arch_no_port_pin_set_input
                0x0000000000014342                gpio_hal_arch_no_port_pin_set_output
                0x0000000000014354                gpio_hal_arch_no_port_set_pin
                0x0000000000014375                gpio_hal_arch_no_port_clear_pin
                0x0000000000014396                gpio_hal_arch_no_port_read_pin
                0x00000000000143bc                gpio_hal_arch_no_port_write_pin
                0x00000000000143e6                gpio_hal_arch_no_port_set_pins
                0x000000000001442d                gpio_hal_arch_no_port_clear_pins
                0x0000000000014474                gpio_hal_arch_no_port_read_pins
                0x00000000000144b7                gpio_hal_arch_no_port_write_pins
 .text          0x0000000000014517       0x89 build/cooja/mtype668.a(buttons.o)
 .text          0x00000000000145a0      0x37e build/cooja/mtype668.a(res-internal-se)
 .text          0x000000000001491e      0x637 build/cooja/mtype668.a(res-shutter-act)
 .text          0x0000000000014f55      0x130 build/cooja/mtype668.a(shutter-actuato)
                0x0000000000014f55                init_shutter
                0x0000000000014f68                isOpen
                0x0000000000014f78                isClosed
                0x0000000000014f87                shutter_up
                0x0000000000014fa6                shutter_down
                0x0000000000014fd4                get_position
                0x0000000000014fde                get_mode
                0x0000000000014fea                set_automatic
                0x0000000000015024                set_manual
                0x000000000001505e                set_target
                0x000000000001507b                get_target
 .text          0x0000000000015085       0x76 build/cooja/mtype668.a(presence-sensor)
                0x0000000000015085                init_presence
                0x0000000000015098                get_obstacle
                0x00000000000150a4                set_obstacle
 .text          0x00000000000150fb       0x40 build/cooja/mtype668.a(internal-sensor)
                0x00000000000150fb                int_collect_data
                0x000000000001512d                set_out_lux
 .text          0x000000000001513b      0x27b build/cooja/mtype668.a(coap-blocking-a)
                0x000000000001513b                coap_blocking_request_callback
                0x0000000000015165                coap_blocking_request
 .text          0x00000000000153b6      0xbea build/cooja/mtype668.a(coap-engine.o)
                0x000000000001544b                coap_add_handler
                0x0000000000015468                coap_remove_handler
                0x0000000000015485                coap_call_handlers
                0x000000000001558d                coap_receive
                0x0000000000015b88                coap_engine_init
                0x0000000000015be6                coap_activate_resource
                0x0000000000015c91                coap_get_first_resource
                0x0000000000015caa                coap_get_next_resource
 .text          0x0000000000015fa0      0x2d9 build/cooja/mtype668.a(coap-res-well-k)
 .text          0x0000000000016279      0x96a build/cooja/mtype668.a(coap-observe.o)
                0x000000000001638e                coap_remove_observer
                0x00000000000163be                coap_remove_observer_by_client
                0x0000000000016426                coap_remove_observer_by_token
                0x00000000000164b9                coap_remove_observer_by_uri
                0x0000000000016560                coap_remove_observer_by_mid
                0x00000000000165dc                coap_notify_observers
                0x00000000000165f5                coap_notify_observers_sub
                0x0000000000016a5f                coap_observe_handler
                0x0000000000016b7a                coap_has_observers
 .text          0x0000000000016be3      0x733 build/cooja/mtype668.a(coap-uip.o)
                0x0000000000016be3                coap_endpoint_log
                0x0000000000016c69                coap_endpoint_print
                0x0000000000016cef                coap_endpoint_snprint
                0x0000000000016e22                coap_endpoint_copy
                0x0000000000016e5f                coap_endpoint_cmp
                0x0000000000016f6d                coap_endpoint_parse
                0x0000000000017158                coap_endpoint_is_secure
                0x0000000000017167                coap_endpoint_is_connected
                0x000000000001719b                coap_endpoint_connect
                0x00000000000171b7                coap_endpoint_disconnect
                0x00000000000171bd                coap_databuf
                0x00000000000171c7                coap_transport_init
                0x0000000000017217                coap_sendto
 .text          0x0000000000017316      0x324 build/cooja/mtype668.a(coap-timer.o)
                0x0000000000017413                coap_timer_stop
                0x000000000001743e                coap_timer_set
                0x0000000000017481                coap_timer_reset
                0x00000000000174c4                coap_timer_time_to_next_expiration
                0x0000000000017530                coap_timer_run
                0x00000000000175fc                coap_timer_init
 .text          0x000000000001763a      0x2c6 build/cooja/mtype668.a(coap-transactio)
                0x00000000000176a0                coap_new_transaction
                0x0000000000017706                coap_send_transaction
                0x0000000000017867                coap_clear_transaction
                0x00000000000178af                coap_get_transaction_by_mid
 .text          0x0000000000017900     0x1c53 build/cooja/mtype668.a(coap.o)
                0x0000000000017e6d                coap_init_connection
                0x0000000000017e81                coap_get_mid
                0x0000000000017e9d                coap_init_message
                0x0000000000017ee6                coap_serialize_message
                0x0000000000018568                coap_parse_message
                0x0000000000018bcf                coap_get_query_variable
                0x0000000000018c11                coap_get_post_variable
                0x0000000000018c55                coap_set_status_code
                0x0000000000018c7a                coap_set_token
                0x0000000000018cc1                coap_get_header_content_format
                0x0000000000018cf2                coap_set_header_content_format
                0x0000000000018d15                coap_get_header_accept
                0x0000000000018d46                coap_set_header_accept
                0x0000000000018d69                coap_get_header_max_age
                0x0000000000018d9a                coap_set_header_max_age
                0x0000000000018dba                coap_get_header_etag
                0x0000000000018dec                coap_set_header_etag
                0x0000000000018e43                coap_get_header_if_match
                0x0000000000018e75                coap_set_header_if_match
                0x0000000000018ecc                coap_get_header_if_none_match
                0x0000000000018ee6                coap_set_header_if_none_match
                0x0000000000018efd                coap_get_header_proxy_uri
                0x0000000000018f2b                coap_set_header_proxy_uri
                0x0000000000018f68                coap_get_header_uri_host
                0x0000000000018f96                coap_set_header_uri_host
                0x0000000000018fd3                coap_get_header_uri_path
                0x0000000000019001                coap_set_header_uri_path
                0x000000000001904e                coap_get_header_uri_query
                0x0000000000019082                coap_set_header_uri_query
                0x00000000000190d8                coap_get_header_location_path
                0x0000000000019106                coap_set_header_location_path
                0x000000000001919f                coap_get_header_location_query
                0x00000000000191cd                coap_set_header_location_query
                0x000000000001921a                coap_get_header_observe
                0x0000000000019249                coap_set_header_observe
                0x0000000000019269                coap_get_header_block2
                0x00000000000192d5                coap_set_header_block2
                0x000000000001934c                coap_get_header_block1
                0x00000000000193c1                coap_set_header_block1
                0x000000000001943c                coap_get_header_size2
                0x000000000001946c                coap_set_header_size2
                0x000000000001948f                coap_get_header_size1
                0x00000000000194bf                coap_set_header_size1
                0x00000000000194e2                coap_get_payload
                0x000000000001951c                coap_set_payload
 .text          0x0000000000019553      0x332 build/cooja/mtype668.a(contiki-main.o)
                0x0000000000019553                main
 .text          0x0000000000019885       0x92 build/cooja/mtype668.a(autostart.o)
                0x0000000000019885                autostart_start
                0x00000000000198cf                autostart_exit
 .text          0x0000000000019917      0x355 build/cooja/mtype668.a(ctimer.o)
                0x0000000000019a3f                ctimer_init
                0x0000000000019a72                ctimer_set
                0x0000000000019a98                ctimer_set_with_process
                0x0000000000019b15                ctimer_reset
                0x0000000000019b69                ctimer_restart
                0x0000000000019bbd                ctimer_stop
                0x0000000000019c0d                ctimer_expired
 .text          0x0000000000019c6c      0x394 build/cooja/mtype668.a(log.o)
                0x0000000000019c6c                log_6addr
                0x0000000000019cbf                log_6addr_compact_snprint
                0x0000000000019d5d                log_6addr_compact
                0x0000000000019db0                log_lladdr
                0x0000000000019e22                log_lladdr_compact
                0x0000000000019e8a                log_set_level
                0x0000000000019f45                log_get_level
                0x0000000000019fbe                log_level_to_str
 .text          0x000000000001a000       0x1b build/cooja/mtype668.a(energest.o)
                0x000000000001a000                energest_init
                0x000000000001a006                energest_flush
                0x000000000001a00c                energest_get_total_time
 .text          0x000000000001a01b      0x43f build/cooja/mtype668.a(etimer.o)
                0x000000000001a23f                etimer_request_poll
                0x000000000001a2c8                etimer_set
                0x000000000001a2f1                etimer_reset_with_new_interval
                0x000000000001a320                etimer_reset
                0x000000000001a346                etimer_restart
                0x000000000001a36c                etimer_adjust
                0x000000000001a389                etimer_expired
                0x000000000001a39c                etimer_expiration_time
                0x000000000001a3ae                etimer_start_time
                0x000000000001a3b8                etimer_pending
                0x000000000001a3ca                etimer_next_expiration_time
                0x000000000001a3e4                etimer_stop
 .text          0x000000000001a45a       0x25 build/cooja/mtype668.a(node-id.o)
                0x000000000001a45a                node_id_init
 .text          0x000000000001a47f       0xeb build/cooja/mtype668.a(rtimer.o)
                0x000000000001a47f                rtimer_init
                0x000000000001a48d                rtimer_set
                0x000000000001a508                rtimer_run_next
 .text          0x000000000001a56a      0x4fb build/cooja/mtype668.a(process.o)
                0x000000000001a56a                process_alloc_event
                0x000000000001a57f                process_start
                0x000000000001a759                process_exit
                0x000000000001a776                process_init
                0x000000000001a90b                process_run
                0x000000000001a93e                process_nevents
                0x000000000001a959                process_post
                0x000000000001a9ec                process_post_synch
                0x000000000001aa21                process_poll
                0x000000000001aa51                process_is_running
 .text          0x000000000001aa65       0xb1 build/cooja/mtype668.a(timer.o)
                0x000000000001aa65                timer_set
                0x000000000001aa83                timer_reset
                0x000000000001aab0                timer_restart
                0x000000000001aac5                timer_expired
                0x000000000001aaf2                timer_remaining
 .text          0x000000000001ab16      0x28f build/cooja/mtype668.a(list.o)
                0x000000000001ab16                list_init
                0x000000000001ab25                list_head
                0x000000000001ab2f                list_copy
                0x000000000001ab3f                list_tail
                0x000000000001ab75                list_add
                0x000000000001abc1                list_push
                0x000000000001abed                list_chop
                0x000000000001ac57                list_pop
                0x000000000001ac7f                list_remove
                0x000000000001ace7                list_length
                0x000000000001ad15                list_insert
                0x000000000001ad5a                list_item_next
                0x000000000001ad71                list_contains
 .text          0x000000000001ada5      0x1b5 build/cooja/mtype668.a(memb.o)
                0x000000000001ada5                memb_init
                0x000000000001adfa                memb_alloc
                0x000000000001ae5d                memb_free
                0x000000000001aed4                memb_inmemb
                0x000000000001af13                memb_numfree
 .text          0x000000000001af5a      0x1f3 build/cooja/mtype668.a(serial-line.o)
                0x000000000001af5a                serial_line_input_byte
                0x000000000001b118                serial_line_init
 .text          0x000000000001b14d      0x168 build/cooja/mtype668.a(gpio-hal.o)
                0x000000000001b14d                gpio_hal_register_handler
                0x000000000001b16a                gpio_hal_event_handler
                0x000000000001b1c6                gpio_hal_init
                0x000000000001b1e5                gpio_hal_arch_port_toggle_pin
                0x000000000001b221                gpio_hal_arch_port_toggle_pins
                0x000000000001b24f                gpio_hal_arch_no_port_toggle_pin
                0x000000000001b28d                gpio_hal_arch_no_port_toggle_pins
 .text          0x000000000001b2b5      0x2e7 build/cooja/mtype668.a(queuebuf.o)
                0x000000000001b2bf                queuebuf_init
                0x000000000001b2e8                queuebuf_numfree
                0x000000000001b300                queuebuf_new_from_packetbuf
                0x000000000001b39f                queuebuf_update_attr_from_packetbuf
                0x000000000001b3d4                queuebuf_update_from_packetbuf
                0x000000000001b424                queuebuf_free
                0x000000000001b46d                queuebuf_to_packetbuf
                0x000000000001b4d9                queuebuf_dataptr
                0x000000000001b513                queuebuf_datalen
                0x000000000001b536                queuebuf_addr
                0x000000000001b56b                queuebuf_attr
                0x000000000001b596                queuebuf_debug_print
 .text          0x000000000001b59c      0x407 build/cooja/mtype668.a(packetbuf.o)
                0x000000000001b59c                packetbuf_clear
                0x000000000001b5c7                packetbuf_copyfrom
                0x000000000001b616                packetbuf_copyto
                0x000000000001b6a9                packetbuf_hdralloc
                0x000000000001b725                packetbuf_hdrreduce
                0x000000000001b76b                packetbuf_set_datalen
                0x000000000001b785                packetbuf_dataptr
                0x000000000001b7a2                packetbuf_hdrptr
                0x000000000001b7ac                packetbuf_datalen
                0x000000000001b7b8                packetbuf_hdrlen
                0x000000000001b7cf                packetbuf_totlen
                0x000000000001b7e5                packetbuf_remaininglen
                0x000000000001b7f8                packetbuf_attr_clear
                0x000000000001b844                packetbuf_attr_copyto
                0x000000000001b89c                packetbuf_attr_copyfrom
                0x000000000001b8f4                packetbuf_set_attr
                0x000000000001b91e                packetbuf_attr
                0x000000000001b938                packetbuf_set_addr
                0x000000000001b969                packetbuf_addr
                0x000000000001b986                packetbuf_holds_broadcast
 .text          0x000000000001b9a3       0xef build/cooja/mtype668.a(netstack.o)
                0x000000000001b9a3                netstack_process_ip_callback
                0x000000000001ba34                netstack_ip_packet_processor_add
                0x000000000001ba57                uip_ds6_ip_packet_processor_rm
                0x000000000001ba74                netstack_init
 .text          0x000000000001ba92       0x4f build/cooja/mtype668.a(linkaddr.o)
                0x000000000001ba92                linkaddr_copy
                0x000000000001baa8                linkaddr_cmp
                0x000000000001bacb                linkaddr_set_node_addr
 .text          0x000000000001bae1      0x1f6 build/cooja/mtype668.a(csma.o)
 .text          0x000000000001bcd7      0x95d build/cooja/mtype668.a(csma-output.o)
                0x000000000001c36e                csma_output_packet
                0x000000000001c5fb                csma_output_init
 .text          0x000000000001c634      0xc11 build/cooja/mtype668.a(uip-ds6.o)
                0x000000000001c634                uip_ds6_default_prefix
                0x000000000001c63e                uip_ds6_set_default_prefix
                0x000000000001c669                uip_ds6_init
                0x000000000001c8cb                uip_ds6_periodic
                0x000000000001c952                uip_ds6_list_loop
                0x000000000001ca12                uip_ds6_prefix_add
                0x000000000001cabe                uip_ds6_prefix_rm
                0x000000000001cad1                uip_ds6_prefix_lookup
                0x000000000001cb10                uip_ds6_is_addr_onlink
                0x000000000001cb83                uip_ds6_addr_add
                0x000000000001cca3                uip_ds6_addr_rm
                0x000000000001cd4c                uip_ds6_addr_lookup
                0x000000000001cd85                uip_ds6_get_link_local
                0x000000000001ce06                uip_ds6_get_global
                0x000000000001ce87                uip_ds6_maddr_add
                0x000000000001cee7                uip_ds6_maddr_rm
                0x000000000001cefa                uip_ds6_maddr_lookup
                0x000000000001cf33                uip_ds6_aaddr_add
                0x000000000001cf93                uip_ds6_aaddr_rm
                0x000000000001cfa6                uip_ds6_aaddr_lookup
                0x000000000001cfdf                uip_ds6_select_src
                0x000000000001d128                uip_ds6_set_addr_iid
                0x000000000001d153                uip_ds6_set_lladdr_from_iid
                0x000000000001d17c                get_match_length
                0x000000000001d20d                uip_ds6_compute_reachable_time
 .text          0x000000000001d245      0x128 build/cooja/mtype668.a(uip-udp-packet.)
                0x000000000001d245                uip_udp_packet_send
                0x000000000001d2a0                uip_udp_packet_sendto
 .text          0x000000000001d36d      0x35b build/cooja/mtype668.a(uip-ds6-route.o)
                0x000000000001d3be                uip_ds6_route_init
                0x000000000001d3e8                uip_ds6_route_nexthop
                0x000000000001d3f2                uip_ds6_route_head
                0x000000000001d3fc                uip_ds6_route_next
                0x000000000001d406                uip_ds6_route_is_nexthop
                0x000000000001d410                uip_ds6_route_num_routes
                0x000000000001d41a                uip_ds6_route_lookup
                0x000000000001d424                uip_ds6_route_add
                0x000000000001d437                uip_ds6_route_rm
                0x000000000001d43d                uip_ds6_route_rm_by_nexthop
                0x000000000001d443                uip_ds6_defrt_head
                0x000000000001d45c                uip_ds6_defrt_add
                0x000000000001d50a                uip_ds6_defrt_rm
                0x000000000001d570                uip_ds6_defrt_lookup
                0x000000000001d5d7                uip_ds6_defrt_choose
                0x000000000001d64d                uip_ds6_defrt_periodic
 .text          0x000000000001d6c8      0x6f7 build/cooja/mtype668.a(tcpip.o)
                0x000000000001d6e2                tcpip_output
                0x000000000001d761                udp_attach
                0x000000000001d779                udp_new
                0x000000000001d7c3                udp_broadcast_new
                0x000000000001d935                tcpip_input
                0x000000000001dac5                tcpip_ipv6_output
                0x000000000001dcb9                tcpip_poll_udp
                0x000000000001dcd7                tcpip_uipcall
 .text          0x000000000001ddbf     0x1205 build/cooja/mtype668.a(uip6.o)
                0x000000000001de6e                uip_chksum
                0x000000000001df45                uip_icmp6chksum
                0x000000000001df5a                uip_udpchksum
                0x000000000001df6f                uip_init
                0x000000000001dfb8                uip_remove_ext_hdr
                0x000000000001e092                uip_udp_new
                0x000000000001e3a6                uip_process
                0x000000000001ee9e                uip_htons
                0x000000000001eec0                uip_htonl
                0x000000000001eefe                uip_send
 .text          0x000000000001efc4      0x369 build/cooja/mtype668.a(uip-ds6-nbr.o)
                0x000000000001efc4                uip_ds6_neighbors_init
                0x000000000001efe8                uip_ds6_nbr_add
                0x000000000001f06e                uip_ds6_nbr_rm
                0x000000000001f0b9                uip_ds6_nbr_update_ll
                0x000000000001f1a7                uip_ds6_nbr_get_ipaddr
                0x000000000001f1bc                uip_ds6_nbr_get_ll
                0x000000000001f1d8                uip_ds6_nbr_num
                0x000000000001f221                uip_ds6_nbr_head
                0x000000000001f23a                uip_ds6_nbr_next
                0x000000000001f256                uip_ds6_nbr_lookup
                0x000000000001f2ae                uip_ds6_nbr_ll_lookup
                0x000000000001f2ca                uip_ds6_nbr_ipaddr_from_lladdr
                0x000000000001f2f3                uip_ds6_nbr_lladdr_from_ipaddr
                0x000000000001f327                uip_ds6_link_callback
 .text          0x000000000001f32d      0x6a7 build/cooja/mtype668.a(uip-nd6.o)
                0x000000000001f9bb                uip_nd6_init
 .text          0x000000000001f9d4     0x2c17 build/cooja/mtype668.a(sicslowpan.o)
                0x000000000001ffdb                netstack_sniffer_add
                0x000000000001ffe9                netstack_sniffer_remove
                0x00000000000225bf                sicslowpan_init
                0x00000000000225e1                sicslowpan_get_last_rssi
 .text          0x00000000000225eb      0x4d1 build/cooja/mtype668.a(uiplib.o)
                0x00000000000225eb                uiplib_ip6addrconv
                0x00000000000227a3                uiplib_ip4addrconv
                0x0000000000022866                uiplib_ipaddr_print
                0x00000000000228b9                uiplib_ipaddr_snprint
 .text          0x0000000000022abc      0x4c9 build/cooja/mtype668.a(rpl.o)
                0x0000000000022abc                rpl_lollipop_greater_than
                0x0000000000022b16                rpl_get_global_address
                0x0000000000022c0e                rpl_link_callback
                0x0000000000022c52                rpl_has_joined
                0x0000000000022c77                rpl_is_reachable
                0x0000000000022cf8                rpl_reset_prefix
                0x0000000000022d62                rpl_set_prefix_from_addr
                0x0000000000022e47                rpl_set_prefix
                0x0000000000022f61                rpl_set_leaf_only
                0x0000000000022f79                rpl_get_leaf_only
 .text          0x0000000000022f85     0x138c build/cooja/mtype668.a(rpl-icmp6.o)
                0x00000000000230aa                rpl_icmp6_update_nbr_table
                0x0000000000023133                rpl_icmp6_dis_output
                0x0000000000023779                rpl_icmp6_dio_output
                0x0000000000023f77                rpl_icmp6_dao_output
                0x0000000000024258                rpl_icmp6_dao_ack_output
                0x00000000000242c8                rpl_icmp6_init
 .text          0x0000000000024311      0x264 build/cooja/mtype668.a(rpl-dag-root.o)
                0x0000000000024311                rpl_dag_root_print_links
                0x000000000002443d                rpl_dag_root_set_prefix
                0x0000000000024469                rpl_dag_root_start
                0x0000000000024546                rpl_dag_root_is_root
 .text          0x0000000000024575       0x30 build/cooja/mtype668.a(watchdog.o)
                0x0000000000024575                watchdog_init
                0x000000000002457b                watchdog_start
                0x0000000000024581                watchdog_periodic
                0x0000000000024599                watchdog_stop
                0x000000000002459f                watchdog_reboot
 .text          0x00000000000245a5      0x226 build/cooja/mtype668.a(coap-timer-defa)
 .text          0x00000000000247cb       0xc7 build/cooja/mtype668.a(stimer.o)
                0x00000000000247cb                stimer_set
                0x00000000000247e9                stimer_reset
                0x0000000000024816                stimer_restart
                0x000000000002482b                stimer_expired
                0x0000000000024856                stimer_remaining
                0x000000000002487a                stimer_elapsed
 .text          0x0000000000024892      0x156 build/cooja/mtype668.a(ringbuf.o)
                0x0000000000024892                ringbuf_init
                0x00000000000248c4                ringbuf_put
                0x0000000000024942                ringbuf_get
                0x00000000000249af                ringbuf_size
                0x00000000000249c1                ringbuf_elements
 .text          0x00000000000249e8       0x1f build/cooja/mtype668.a(assert.o)
                0x00000000000249e8                _xassert
 .text          0x0000000000024a07      0x79b build/cooja/mtype668.a(nbr-table.o)
                0x0000000000024e80                nbr_table_register
                0x0000000000024eed                nbr_table_is_registered
                0x0000000000024f28                nbr_table_head
                0x0000000000024f83                nbr_table_next
                0x0000000000024fe4                nbr_table_add_lladdr
                0x00000000000250be                nbr_table_get_from_lladdr
                0x000000000002510a                nbr_table_remove
                0x0000000000025142                nbr_table_lock
                0x000000000002515c                nbr_table_unlock
                0x0000000000025176                nbr_table_get_lladdr
 .text          0x00000000000251a2      0x3a5 build/cooja/mtype668.a(link-stats.o)
                0x00000000000251a2                link_stats_from_lladdr
                0x00000000000251be                link_stats_get_lladdr
                0x00000000000251da                link_stats_is_fresh
                0x0000000000025216                guess_etx_from_rssi
                0x0000000000025292                link_stats_packet_sent
                0x00000000000253b2                link_stats_input_callback
                0x00000000000254c2                link_stats_reset
                0x0000000000025512                link_stats_init
 .text          0x0000000000025547      0x187 build/cooja/mtype668.a(mac-sequence.o)
                0x0000000000025547                mac_sequence_is_duplicate
                0x00000000000255e7                mac_sequence_register_seqno
 .text          0x00000000000256ce       0x23 build/cooja/mtype668.a(mac.o)
                0x00000000000256ce                mac_call_sent_callback
 .text          0x00000000000256f1      0x432 build/cooja/mtype668.a(framer-802154.o)
                0x0000000000025880                framer_802154_setup_params
 .text          0x0000000000025b23      0xb6f build/cooja/mtype668.a(frame802154.o)
                0x0000000000025b54                frame802154_get_pan_id
                0x0000000000025b60                frame802154_set_pan_id
                0x0000000000025b7a                frame802154_has_panid
                0x0000000000025d29                frame802154_check_dest_panid
                0x0000000000025db1                frame802154_is_broadcast_addr
                0x0000000000025dfe                frame802154_extract_linkaddr
                0x0000000000026063                frame802154_hdrlen
                0x00000000000260d6                frame802154_create_fcf
                0x000000000002618e                frame802154_create
                0x0000000000026303                frame802154_parse_fcf
                0x00000000000263e5                frame802154_parse
 .text          0x0000000000026692       0x2d build/cooja/mtype668.a(csma-security.o)
                0x0000000000026692                csma_security_create_frame
                0x00000000000266b0                csma_security_parse_frame
 .text          0x00000000000266bf      0x4e4 build/cooja/mtype668.a(uipbuf.o)
                0x00000000000266bf                uipbuf_clear
                0x00000000000266e6                uipbuf_add_ext_hdr
                0x0000000000026766                uipbuf_set_len
                0x0000000000026793                uipbuf_set_len_field
                0x00000000000267bf                uipbuf_get_len_field
                0x00000000000267df                uipbuf_get_next_header
                0x0000000000026911                uipbuf_get_last_header
                0x000000000002698a                uipbuf_search_header
                0x0000000000026a40                uipbuf_get_attr
                0x0000000000026a67                uipbuf_set_attr
                0x0000000000026a9e                uipbuf_set_default_attr
                0x0000000000026ad5                uipbuf_clear_attr
                0x0000000000026af9                uipbuf_set_attr_flag
                0x0000000000026b1a                uipbuf_clr_attr_flag
                0x0000000000026b41                uipbuf_is_attr_flag
                0x0000000000026b65                uipbuf_init
 .text          0x0000000000026ba3      0x73f build/cooja/mtype668.a(uip-icmp6.o)
                0x0000000000026c18                uip_icmp6_input
                0x0000000000026c6f                uip_icmp6_register_input_handler
                0x0000000000026dc2                uip_icmp6_error_output
                0x0000000000027073                uip_icmp6_send
                0x000000000002726a                uip_icmp6_echo_reply_callback_add
                0x000000000002729c                uip_icmp6_echo_reply_callback_rm
                0x00000000000272b9                uip_icmp6_init
 .text          0x00000000000272e2      0x69b build/cooja/mtype668.a(uip-sr.o)
                0x00000000000272e2                uip_sr_num_nodes
                0x0000000000027370                uip_sr_get_node
                0x00000000000273c7                uip_sr_is_addr_reachable
                0x0000000000027475                uip_sr_expire_parent
                0x00000000000274be                uip_sr_update_node
                0x00000000000275ee                uip_sr_init
                0x0000000000027622                uip_sr_node_head
                0x000000000002763b                uip_sr_node_next
                0x0000000000027651                uip_sr_periodic
                0x0000000000027757                uip_sr_free_all
                0x00000000000277c7                uip_sr_link_snprint
 .text          0x000000000002797d      0x146 build/cooja/mtype668.a(uip-packetqueue)
                0x00000000000279ab                uip_packetqueue_new
                0x00000000000279ba                uip_packetqueue_alloc
                0x0000000000027a15                uip_packetqueue_free
                0x0000000000027a5c                uip_packetqueue_buf
                0x0000000000027a79                uip_packetqueue_buflen
                0x0000000000027a9a                uip_packetqueue_set_buflen
 .text          0x0000000000027ac3      0x1b0 build/cooja/mtype668.a(rpl-nbr-policy.)
                0x0000000000027c30                rpl_nbr_policy_find_removable
 .text          0x0000000000027c73      0x915 build/cooja/mtype668.a(rpl-neighbor.o)
                0x0000000000027cef                rpl_neighbor_snprint
                0x0000000000027fa2                rpl_neighbor_print_list
                0x0000000000028057                rpl_neighbor_count
                0x00000000000280fe                rpl_neighbor_get_from_lladdr
                0x000000000002811a                rpl_neighbor_is_acceptable_parent
                0x000000000002814e                rpl_neighbor_get_link_metric
                0x0000000000028182                rpl_neighbor_rank_via_nbr
                0x00000000000281b6                rpl_neighbor_get_lladdr
                0x00000000000281d2                rpl_neighbor_get_ipaddr
                0x00000000000281f9                rpl_neighbor_get_link_stats
                0x0000000000028220                rpl_neighbor_is_fresh
                0x0000000000028247                rpl_neighbor_is_reachable
                0x0000000000028292                rpl_neighbor_is_parent
                0x00000000000282bc                rpl_neighbor_set_preferred_parent
                0x0000000000028353                rpl_neighbor_remove_all
                0x00000000000283af                rpl_neighbor_get_from_ipaddr
                0x00000000000284bd                rpl_neighbor_select_best
                0x0000000000028569                rpl_neighbor_init
 .text          0x0000000000028588      0xe69 build/cooja/mtype668.a(rpl-dag.o)
                0x0000000000028588                rpl_dag_state_to_str
                0x00000000000285c7                rpl_dag_get_root_ipaddr
                0x000000000002860f                rpl_dag_leave
                0x0000000000028698                rpl_dag_poison_and_leave
                0x00000000000286b0                rpl_dag_periodic
                0x0000000000028738                rpl_is_addr_in_our_dag
                0x000000000002877c                rpl_get_default_instance
                0x0000000000028798                rpl_get_any_dag
                0x00000000000287f1                rpl_refresh_routes
                0x0000000000028831                rpl_global_repair
                0x00000000000288ca                rpl_local_repair
                0x0000000000028914                rpl_dag_ready_to_advertise
                0x0000000000028957                rpl_dag_update_state
                0x0000000000029084                rpl_process_dio
                0x0000000000029102                rpl_process_dis
                0x0000000000029147                rpl_process_dao
                0x00000000000291d6                rpl_process_dao_ack
                0x000000000002926d                rpl_process_hbh
                0x00000000000292bd                rpl_dag_init_root
                0x00000000000293d1                rpl_dag_init
 .text          0x00000000000293f1      0x9e7 build/cooja/mtype668.a(rpl-timers.o)
                0x00000000000293f1                rpl_timers_schedule_periodic_dis
                0x000000000002953f                rpl_timers_dio_reset
                0x000000000002964d                rpl_timers_schedule_unicast_dio
                0x00000000000297a1                rpl_timers_schedule_dao
                0x0000000000029860                rpl_timers_schedule_dao_ack
                0x00000000000298e6                rpl_timers_notify_dao_ack
                0x0000000000029944                get_probing_delay
                0x0000000000029978                get_probing_target
                0x0000000000029b62                rpl_schedule_probing
                0x0000000000029b90                rpl_schedule_probing_now
                0x0000000000029bfa                rpl_timers_unschedule_leaving
                0x0000000000029c32                rpl_timers_schedule_leaving
                0x0000000000029c73                rpl_timers_init
                0x0000000000029d03                rpl_timers_stop_dag_timers
                0x0000000000029d7c                rpl_timers_unschedule_state_update
                0x0000000000029da0                rpl_timers_schedule_state_update
 .text          0x0000000000029dd8      0xb8e build/cooja/mtype668.a(rpl-ext-header.)
                0x0000000000029dd8                rpl_ext_header_srh_get_next_hop
                0x0000000000029ebf                rpl_ext_header_srh_update
                0x000000000002a42b                rpl_ext_header_hbh_update
                0x000000000002a72b                rpl_ext_header_update
                0x000000000002a7b4                rpl_ext_header_remove
 .text          0x000000000002a966      0x31b build/cooja/mtype668.a(rpl-mrhof.o)
 *fill*         0x000000000002ac81        0xf 
 .text          0x000000000002ac90      0x122 /usr/lib/gcc/i686-linux-gnu/5/libgcc.a(_udivdi3.o)
                0x000000000002ac90                __udivdi3
 .text          0x000000000002adb2        0x0 /usr/lib/gcc/i686-linux-gnu/5/crtendS.o
 .text          0x000000000002adb2        0x0 /usr/lib/gcc/i686-linux-gnu/5/../../../i386-linux-gnu/crtn.o
 *(.gnu.warning)

.fini           0x000000000002adb4       0x14
 *(SORT(.fini))
 .fini          0x000000000002adb4        0xf /usr/lib/gcc/i686-linux-gnu/5/../../../i386-linux-gnu/crti.o
                0x000000000002adb4                _fini
 .fini          0x000000000002adc3        0x5 /usr/lib/gcc/i686-linux-gnu/5/../../../i386-linux-gnu/crtn.o
                [!provide]                        PROVIDE (__etext, .)
                [!provide]                        PROVIDE (_etext, .)
                [!provide]                        PROVIDE (etext, .)

.rodata         0x000000000002ade0      0xecb
 *(.rodata .rodata.* .gnu.linkonce.r.*)
 .rodata        0x000000000002ade0      0x1d7 smartshutter.o
                0x000000000002ae10                autostart_processes
 *fill*         0x000000000002afb7        0x1 
 .rodata        0x000000000002afb8        0x8 build/cooja/mtype668.a(beep.o)
                0x000000000002afb8                beep_interface
 .rodata        0x000000000002afc0        0xe build/cooja/mtype668.a(leds-arch.o)
                0x000000000002afc0                leds_interface
                0x000000000002afc8                leds_arch_leds
 *fill*         0x000000000002afce        0x2 
 .rodata        0x000000000002afd0        0x8 build/cooja/mtype668.a(moteid.o)
                0x000000000002afd0                moteid_interface
 .rodata        0x000000000002afd8       0x1c build/cooja/mtype668.a(pir-sensor.o)
                0x000000000002afd8                pir_interface
                0x000000000002afe4                pir_sensor
 .rodata        0x000000000002aff4        0xe build/cooja/mtype668.a(rs232.o)
                0x000000000002aff4                rs232_interface
 *fill*         0x000000000002b002        0x2 
 .rodata        0x000000000002b004       0x24 build/cooja/mtype668.a(vib-sensor.o)
                0x000000000002b004                vib_interface
                0x000000000002b018                vib_sensor
 .rodata        0x000000000002b028        0x8 build/cooja/mtype668.a(clock.o)
                0x000000000002b028                clock_interface
 .rodata        0x000000000002b030        0x8 build/cooja/mtype668.a(cooja-log.o)
                0x000000000002b030                simlog_interface
 .rodata        0x000000000002b038       0x2f build/cooja/mtype668.a(cfs-cooja.o)
                0x000000000002b038                cfs_interface
 *fill*         0x000000000002b067       0x19 
 .rodata        0x000000000002b080       0xb8 build/cooja/mtype668.a(cooja-radio.o)
                0x000000000002b080                radio_interface
                0x000000000002b100                cooja_radio_driver
 .rodata        0x000000000002b138        0x8 build/cooja/mtype668.a(eeprom.o)
                0x000000000002b138                eeprom_interface
 .rodata        0x000000000002b140        0x8 build/cooja/mtype668.a(sensors.o)
 .rodata        0x000000000002b148       0x2c build/cooja/mtype668.a(buttons.o)
                0x000000000002b148                button_interface
                0x000000000002b15c                button_hal_button_count
                0x000000000002b164                button_sensor
 .rodata        0x000000000002b174      0x143 build/cooja/mtype668.a(res-internal-se)
 *fill*         0x000000000002b2b7        0x1 
 .rodata        0x000000000002b2b8      0x264 build/cooja/mtype668.a(res-shutter-act)
 .rodata        0x000000000002b51c       0x41 build/cooja/mtype668.a(coap-engine.o)
 .rodata        0x000000000002b55d       0x19 build/cooja/mtype668.a(coap-res-well-k)
 .rodata        0x000000000002b576       0x11 build/cooja/mtype668.a(coap-observe.o)
 .rodata        0x000000000002b587       0x35 build/cooja/mtype668.a(coap-uip.o)
 .rodata        0x000000000002b5bc      0x1ac build/cooja/mtype668.a(coap.o)
 .rodata        0x000000000002b768       0xf8 build/cooja/mtype668.a(contiki-main.o)
 .rodata        0x000000000002b860        0xf build/cooja/mtype668.a(ctimer.o)
 *fill*         0x000000000002b86f        0x1 
 .rodata        0x000000000002b870       0xc4 build/cooja/mtype668.a(log.o)
 .rodata        0x000000000002b934        0xc build/cooja/mtype668.a(etimer.o)
 .rodata        0x000000000002b940        0xe build/cooja/mtype668.a(serial-line.o)
 *fill*         0x000000000002b94e        0x2 
 .rodata        0x000000000002b950        0x8 build/cooja/mtype668.a(linkaddr.o)
                0x000000000002b950                linkaddr_null
 .rodata        0x000000000002b958       0x24 build/cooja/mtype668.a(csma.o)
                0x000000000002b960                csma_driver
 .rodata        0x000000000002b97c       0x24 build/cooja/mtype668.a(csma-output.o)
 .rodata        0x000000000002b9a0       0x4d build/cooja/mtype668.a(uip-ds6-route.o)
 .rodata        0x000000000002b9ed        0xd build/cooja/mtype668.a(tcpip.o)
 *fill*         0x000000000002b9fa        0x2 
 .rodata        0x000000000002b9fc       0x30 build/cooja/mtype668.a(sicslowpan.o)
                0x000000000002b9fc                unc_llconf
                0x000000000002ba00                unc_ctxconf
                0x000000000002ba04                unc_mxconf
                0x000000000002ba08                llprefix
                0x000000000002ba1c                sicslowpan_driver
 .rodata        0x000000000002ba2c       0x2d build/cooja/mtype668.a(uiplib.o)
 *fill*         0x000000000002ba59        0x7 
 .rodata        0x000000000002ba60       0x74 build/cooja/mtype668.a(rpl.o)
                0x000000000002ba80                rpl_lite_driver
 .rodata        0x000000000002bad4       0x20 build/cooja/mtype668.a(coap-timer-defa)
                0x000000000002bae8                coap_timer_default_driver
 .rodata        0x000000000002baf4       0x25 build/cooja/mtype668.a(assert.o)
 *fill*         0x000000000002bb19        0x3 
 .rodata        0x000000000002bb1c        0xc build/cooja/mtype668.a(framer-802154.o)
                0x000000000002bb1c                framer_802154
 .rodata        0x000000000002bb28       0x44 build/cooja/mtype668.a(uip-sr.o)
 .rodata        0x000000000002bb6c       0x58 build/cooja/mtype668.a(rpl-neighbor.o)
 .rodata        0x000000000002bbc4       0xdb build/cooja/mtype668.a(rpl-dag.o)
 .rodata        0x000000000002bc9f        0xc build/cooja/mtype668.a(rpl-timers.o)

.rodata1
 *(.rodata1)

.eh_frame_hdr   0x000000000002bcac     0x1a74
 *(.eh_frame_hdr)
 .eh_frame_hdr  0x000000000002bcac     0x1a74 smartshutter.o
                0x000000000002bcac                __GNU_EH_FRAME_HDR
 *(.eh_frame_entry .eh_frame_entry.*)

.eh_frame       0x000000000002d720     0x6b58
 *(.eh_frame)
 .eh_frame      0x000000000002d720       0x3c /usr/lib/gcc/i686-linux-gnu/5/../../../i386-linux-gnu/crti.o
                                         0x40 (size before relaxing)
 .eh_frame      0x000000000002d75c      0x188 smartshutter.o
                                        0x1a0 (size before relaxing)
 .eh_frame      0x000000000002d8e4      0x178 build/cooja/mtype668.o
                                        0x190 (size before relaxing)
 .eh_frame      0x000000000002da5c       0x40 build/cooja/mtype668.a(simEnvChange.o)
                                         0x58 (size before relaxing)
 .eh_frame      0x000000000002da9c       0x60 build/cooja/mtype668.a(cooja_mt.o)
                                         0x78 (size before relaxing)
 .eh_frame      0x000000000002dafc       0x80 build/cooja/mtype668.a(cooja_mtarch.o)
                                         0x98 (size before relaxing)
 .eh_frame      0x000000000002db7c       0xc8 build/cooja/mtype668.a(rtimer-arch.o)
                                         0xe0 (size before relaxing)
 .eh_frame      0x000000000002dc44       0x80 build/cooja/mtype668.a(int-master.o)
                                         0x98 (size before relaxing)
 .eh_frame      0x000000000002dcc4      0x160 build/cooja/mtype668.a(beep.o)
                                        0x178 (size before relaxing)
 .eh_frame      0x000000000002de24       0x80 build/cooja/mtype668.a(leds-arch.o)
                                         0x98 (size before relaxing)
 .eh_frame      0x000000000002dea4       0x40 build/cooja/mtype668.a(moteid.o)
                                         0x58 (size before relaxing)
 .eh_frame      0x000000000002dee4       0xa0 build/cooja/mtype668.a(pir-sensor.o)
                                         0xb8 (size before relaxing)
 .eh_frame      0x000000000002df84      0x100 build/cooja/mtype668.a(rs232.o)
                                        0x118 (size before relaxing)
 .eh_frame      0x000000000002e084       0xa0 build/cooja/mtype668.a(vib-sensor.o)
                                         0xb8 (size before relaxing)
 .eh_frame      0x000000000002e124       0xc0 build/cooja/mtype668.a(clock.o)
                                         0xd8 (size before relaxing)
 .eh_frame      0x000000000002e1e4      0x120 build/cooja/mtype668.a(cooja-log.o)
                                        0x138 (size before relaxing)
 .eh_frame      0x000000000002e304      0x160 build/cooja/mtype668.a(cfs-cooja.o)
                                        0x178 (size before relaxing)
 .eh_frame      0x000000000002e464      0x340 build/cooja/mtype668.a(cooja-radio.o)
                                        0x358 (size before relaxing)
 .eh_frame      0x000000000002e7a4       0xa0 build/cooja/mtype668.a(eeprom.o)
                                         0xb8 (size before relaxing)
 .eh_frame      0x000000000002e844       0x40 build/cooja/mtype668.a(random.o)
                                         0x58 (size before relaxing)
 .eh_frame      0x000000000002e884       0xc0 build/cooja/mtype668.a(sensors.o)
                                         0xd8 (size before relaxing)
 .eh_frame      0x000000000002e944      0x120 build/cooja/mtype668.a(leds.o)
                                        0x138 (size before relaxing)
 .eh_frame      0x000000000002ea64      0x220 build/cooja/mtype668.a(gpio-hal-arch.o)
                                        0x238 (size before relaxing)
 .eh_frame      0x000000000002ec84       0xa0 build/cooja/mtype668.a(buttons.o)
                                         0xb8 (size before relaxing)
 .eh_frame      0x000000000002ed24       0x60 build/cooja/mtype668.a(res-internal-se)
                                         0x78 (size before relaxing)
 .eh_frame      0x000000000002ed84       0x6c build/cooja/mtype668.a(res-shutter-act)
                                         0x84 (size before relaxing)
 .eh_frame      0x000000000002edf0      0x160 build/cooja/mtype668.a(shutter-actuato)
                                        0x178 (size before relaxing)
 .eh_frame      0x000000000002ef50       0x60 build/cooja/mtype668.a(presence-sensor)
                                         0x78 (size before relaxing)
 .eh_frame      0x000000000002efb0       0x40 build/cooja/mtype668.a(internal-sensor)
                                         0x58 (size before relaxing)
 .eh_frame      0x000000000002eff0       0x44 build/cooja/mtype668.a(coap-blocking-a)
                                         0x5c (size before relaxing)
 .eh_frame      0x000000000002f034      0x220 build/cooja/mtype668.a(coap-engine.o)
                                        0x238 (size before relaxing)
 .eh_frame      0x000000000002f254       0x24 build/cooja/mtype668.a(coap-res-well-k)
                                         0x3c (size before relaxing)
 .eh_frame      0x000000000002f278      0x188 build/cooja/mtype668.a(coap-observe.o)
                                        0x1a0 (size before relaxing)
 .eh_frame      0x000000000002f400      0x250 build/cooja/mtype668.a(coap-uip.o)
                                        0x268 (size before relaxing)
 .eh_frame      0x000000000002f650      0x114 build/cooja/mtype668.a(coap-timer.o)
                                        0x12c (size before relaxing)
 .eh_frame      0x000000000002f764      0x100 build/cooja/mtype668.a(coap-transactio)
                                        0x118 (size before relaxing)
 .eh_frame      0x000000000002f864      0x6ec build/cooja/mtype668.a(coap.o)
                                        0x704 (size before relaxing)
 .eh_frame      0x000000000002ff50       0x30 build/cooja/mtype668.a(contiki-main.o)
                                         0x48 (size before relaxing)
 .eh_frame      0x000000000002ff80       0x40 build/cooja/mtype668.a(autostart.o)
                                         0x58 (size before relaxing)
 .eh_frame      0x000000000002ffc0      0x100 build/cooja/mtype668.a(ctimer.o)
                                        0x118 (size before relaxing)
 .eh_frame      0x00000000000300c0      0x100 build/cooja/mtype668.a(log.o)
                                        0x118 (size before relaxing)
 .eh_frame      0x00000000000301c0       0x60 build/cooja/mtype668.a(energest.o)
                                         0x78 (size before relaxing)
 .eh_frame      0x0000000000030220      0x1e0 build/cooja/mtype668.a(etimer.o)
                                        0x1f8 (size before relaxing)
 .eh_frame      0x0000000000030400       0x20 build/cooja/mtype668.a(node-id.o)
                                         0x38 (size before relaxing)
 .eh_frame      0x0000000000030420       0x60 build/cooja/mtype668.a(rtimer.o)
                                         0x78 (size before relaxing)
 .eh_frame      0x0000000000030480      0x1c4 build/cooja/mtype668.a(process.o)
                                        0x1dc (size before relaxing)
 .eh_frame      0x0000000000030644       0xa4 build/cooja/mtype668.a(timer.o)
                                         0xbc (size before relaxing)
 .eh_frame      0x00000000000306e8      0x1a0 build/cooja/mtype668.a(list.o)
                                        0x1b8 (size before relaxing)
 .eh_frame      0x0000000000030888       0xa0 build/cooja/mtype668.a(memb.o)
                                         0xb8 (size before relaxing)
 .eh_frame      0x0000000000030928       0x60 build/cooja/mtype668.a(serial-line.o)
                                         0x78 (size before relaxing)
 .eh_frame      0x0000000000030988       0xe0 build/cooja/mtype668.a(gpio-hal.o)
                                         0xf8 (size before relaxing)
 .eh_frame      0x0000000000030a68      0x1a0 build/cooja/mtype668.a(queuebuf.o)
                                        0x1b8 (size before relaxing)
 .eh_frame      0x0000000000030c08      0x28c build/cooja/mtype668.a(packetbuf.o)
                                        0x2a4 (size before relaxing)
 .eh_frame      0x0000000000030e94       0x80 build/cooja/mtype668.a(netstack.o)
                                         0x98 (size before relaxing)
 .eh_frame      0x0000000000030f14       0x60 build/cooja/mtype668.a(linkaddr.o)
                                         0x78 (size before relaxing)
 .eh_frame      0x0000000000030f74       0xe0 build/cooja/mtype668.a(csma.o)
                                         0xf8 (size before relaxing)
 .eh_frame      0x0000000000031054      0x1d0 build/cooja/mtype668.a(csma-output.o)
                                        0x1e8 (size before relaxing)
 .eh_frame      0x0000000000031224      0x328 build/cooja/mtype668.a(uip-ds6.o)
                                        0x340 (size before relaxing)
 .eh_frame      0x000000000003154c       0x40 build/cooja/mtype668.a(uip-udp-packet.)
                                         0x58 (size before relaxing)
 .eh_frame      0x000000000003158c      0x220 build/cooja/mtype668.a(uip-ds6-route.o)
                                        0x238 (size before relaxing)
 .eh_frame      0x00000000000317ac      0x244 build/cooja/mtype668.a(tcpip.o)
                                        0x25c (size before relaxing)
 .eh_frame      0x00000000000319f0      0x1e8 build/cooja/mtype668.a(uip6.o)
                                        0x200 (size before relaxing)
 .eh_frame      0x0000000000031bd8      0x1c0 build/cooja/mtype668.a(uip-ds6-nbr.o)
                                        0x1d8 (size before relaxing)
 .eh_frame      0x0000000000031d98       0x84 build/cooja/mtype668.a(uip-nd6.o)
                                         0x9c (size before relaxing)
 .eh_frame      0x0000000000031e1c      0x2f8 build/cooja/mtype668.a(sicslowpan.o)
                                        0x310 (size before relaxing)
 .eh_frame      0x0000000000032114       0x88 build/cooja/mtype668.a(uiplib.o)
                                         0xa0 (size before relaxing)
 .eh_frame      0x000000000003219c      0x1e0 build/cooja/mtype668.a(rpl.o)
                                        0x1f8 (size before relaxing)
 .eh_frame      0x000000000003237c      0x1c4 build/cooja/mtype668.a(rpl-icmp6.o)
                                        0x1dc (size before relaxing)
 .eh_frame      0x0000000000032540       0xa0 build/cooja/mtype668.a(rpl-dag-root.o)
                                         0xb8 (size before relaxing)
 .eh_frame      0x00000000000325e0       0xa0 build/cooja/mtype668.a(watchdog.o)
                                         0xb8 (size before relaxing)
 .eh_frame      0x0000000000032680       0xa4 build/cooja/mtype668.a(coap-timer-defa)
                                         0xbc (size before relaxing)
 .eh_frame      0x0000000000032724       0xc4 build/cooja/mtype668.a(stimer.o)
                                         0xdc (size before relaxing)
 .eh_frame      0x00000000000327e8       0xa0 build/cooja/mtype668.a(ringbuf.o)
                                         0xb8 (size before relaxing)
 .eh_frame      0x0000000000032888       0x20 build/cooja/mtype668.a(assert.o)
                                         0x38 (size before relaxing)
 .eh_frame      0x00000000000328a8      0x2ac build/cooja/mtype668.a(nbr-table.o)
                                        0x2c4 (size before relaxing)
 .eh_frame      0x0000000000032b54      0x120 build/cooja/mtype668.a(link-stats.o)
                                        0x138 (size before relaxing)
 .eh_frame      0x0000000000032c74       0x48 build/cooja/mtype668.a(mac-sequence.o)
                                         0x60 (size before relaxing)
 .eh_frame      0x0000000000032cbc       0x20 build/cooja/mtype668.a(mac.o)
                                         0x38 (size before relaxing)
 .eh_frame      0x0000000000032cdc       0xa4 build/cooja/mtype668.a(framer-802154.o)
                                         0xbc (size before relaxing)
 .eh_frame      0x0000000000032d80      0x1a4 build/cooja/mtype668.a(frame802154.o)
                                        0x1bc (size before relaxing)
 .eh_frame      0x0000000000032f24       0x40 build/cooja/mtype668.a(csma-security.o)
                                         0x58 (size before relaxing)
 .eh_frame      0x0000000000032f64      0x200 build/cooja/mtype668.a(uipbuf.o)
                                        0x218 (size before relaxing)
 .eh_frame      0x0000000000033164      0x150 build/cooja/mtype668.a(uip-icmp6.o)
                                        0x168 (size before relaxing)
 .eh_frame      0x00000000000332b4      0x184 build/cooja/mtype668.a(uip-sr.o)
                                        0x19c (size before relaxing)
 .eh_frame      0x0000000000033438       0xe0 build/cooja/mtype668.a(uip-packetqueue)
                                         0xf8 (size before relaxing)
 .eh_frame      0x0000000000033518       0x80 build/cooja/mtype668.a(rpl-nbr-policy.)
                                         0x98 (size before relaxing)
 .eh_frame      0x0000000000033598      0x2d4 build/cooja/mtype668.a(rpl-neighbor.o)
                                        0x2ec (size before relaxing)
 .eh_frame      0x000000000003386c      0x370 build/cooja/mtype668.a(rpl-dag.o)
                                        0x388 (size before relaxing)
 .eh_frame      0x0000000000033bdc      0x3a8 build/cooja/mtype668.a(rpl-timers.o)
                                        0x3c0 (size before relaxing)
 .eh_frame      0x0000000000033f84      0x124 build/cooja/mtype668.a(rpl-ext-header.)
                                        0x13c (size before relaxing)
 .eh_frame      0x00000000000340a8      0x148 build/cooja/mtype668.a(rpl-mrhof.o)
                                        0x160 (size before relaxing)
 .eh_frame      0x00000000000341f0       0x84 /usr/lib/gcc/i686-linux-gnu/5/libgcc.a(_udivdi3.o)
                                         0x9c (size before relaxing)
 .eh_frame      0x0000000000034274        0x4 /usr/lib/gcc/i686-linux-gnu/5/crtendS.o
 *(.eh_frame.*)

.gcc_except_table
 *(.gcc_except_table .gcc_except_table.*)

.gnu_extab
 *(.gnu_extab*)

.exception_ranges
 *(.exception_ranges .exception_ranges*)
                0x0000000000035f10                . = DATA_SEGMENT_ALIGN (0x1000, 0x1000)

.eh_frame
 *(.eh_frame)
 *(.eh_frame.*)

.gnu_extab
 *(.gnu_extab)

.gcc_except_table
 *(.gcc_except_table .gcc_except_table.*)

.exception_ranges
 *(.exception_ranges .exception_ranges*)

.tdata
 *(.tdata .tdata.* .gnu.linkonce.td.*)

.tbss
 *(.tbss .tbss.* .gnu.linkonce.tb.*)
 *(.tcommon)

.preinit_array
 *(.preinit_array)

.init_array     0x0000000000035f10        0x4
 *(SORT(.init_array.*) SORT(.ctors.*))
 *(.init_array EXCLUDE_FILE(*crtend?.o *crtend.o *crtbegin?.o *crtbegin.o) .ctors)
 .init_array    0x0000000000035f10        0x4 /usr/lib/gcc/i686-linux-gnu/5/crtbeginS.o

.fini_array     0x0000000000035f14        0x4
 *(SORT(.fini_array.*) SORT(.dtors.*))
 *(.fini_array EXCLUDE_FILE(*crtend?.o *crtend.o *crtbegin?.o *crtbegin.o) .dtors)
 .fini_array    0x0000000000035f14        0x4 /usr/lib/gcc/i686-linux-gnu/5/crtbeginS.o

.ctors
 *crtbegin.o(.ctors)
 *crtbegin?.o(.ctors)
 *(EXCLUDE_FILE(*crtend?.o *crtend.o) .ctors)
 *(SORT(.ctors.*))
 *(.ctors)

.dtors
 *crtbegin.o(.dtors)
 *crtbegin?.o(.dtors)
 *(EXCLUDE_FILE(*crtend?.o *crtend.o) .dtors)
 *(SORT(.dtors.*))
 *(.dtors)

.jcr            0x0000000000035f18        0x4
 *(.jcr)
 .jcr           0x0000000000035f18        0x0 /usr/lib/gcc/i686-linux-gnu/5/crtbeginS.o
 .jcr           0x0000000000035f18        0x4 /usr/lib/gcc/i686-linux-gnu/5/crtendS.o

.data.rel.ro
 *(.data.rel.ro.local* .gnu.linkonce.d.rel.ro.local.*)
 *(.data.rel.ro .data.rel.ro.* .gnu.linkonce.d.rel.ro.*)

.dynamic        0x0000000000035f1c       0xd0
 *(.dynamic)
 .dynamic       0x0000000000035f1c       0xd0 /usr/lib/gcc/i686-linux-gnu/5/../../../i386-linux-gnu/crti.o
                0x0000000000035f1c                _DYNAMIC

.got            0x0000000000035fec       0x14
 *(.got)
 .got           0x0000000000035fec       0x14 /usr/lib/gcc/i686-linux-gnu/5/../../../i386-linux-gnu/crti.o
 *(.igot)
                0x0000000000036ff4                . = DATA_SEGMENT_RELRO_END (., (SIZEOF (.got.plt) >= 0xc)?0xc:0x0)

.got.plt        0x0000000000036000        0xc
 *(.got.plt)
 .got.plt       0x0000000000036000        0xc /usr/lib/gcc/i686-linux-gnu/5/../../../i386-linux-gnu/crti.o
                0x0000000000036000                _GLOBAL_OFFSET_TABLE_
 *(.igot.plt)

.data           0x0000000000036020      0x484
 *(.data .data.* .gnu.linkonce.d.*)
 .data          0x0000000000036020        0x0 /usr/lib/gcc/i686-linux-gnu/5/../../../i386-linux-gnu/crti.o
 .data          0x0000000000036020        0x0 /usr/lib/gcc/i686-linux-gnu/5/crtbeginS.o
 .data.rel.local
                0x0000000000036020        0x4 /usr/lib/gcc/i686-linux-gnu/5/crtbeginS.o
                0x0000000000036020                __dso_handle
 .data          0x0000000000036024       0x24 smartshutter.o
                0x0000000000036024                button_hal_process
                0x0000000000036034                service_url
                0x0000000000036038                device_process
 *fill*         0x0000000000036048       0x18 
 .data          0x0000000000036060       0x44 build/cooja/mtype668.o
                0x0000000000036060                simInterfaces
                0x0000000000036094                sensors
 .data          0x00000000000360a4        0x0 build/cooja/mtype668.a(simEnvChange.o)
 .data          0x00000000000360a4        0x0 build/cooja/mtype668.a(cooja_mt.o)
 .data          0x00000000000360a4        0x0 build/cooja/mtype668.a(cooja_mtarch.o)
 .data          0x00000000000360a4        0x0 build/cooja/mtype668.a(rtimer-arch.o)
 .data          0x00000000000360a4        0x0 build/cooja/mtype668.a(int-master.o)
 .data          0x00000000000360a4        0x0 build/cooja/mtype668.a(beep.o)
 .data          0x00000000000360a4        0x0 build/cooja/mtype668.a(leds-arch.o)
 .data          0x00000000000360a4        0x0 build/cooja/mtype668.a(moteid.o)
 .data          0x00000000000360a4        0x0 build/cooja/mtype668.a(pir-sensor.o)
 .data          0x00000000000360a4        0x0 build/cooja/mtype668.a(rs232.o)
 .data          0x00000000000360a4        0x0 build/cooja/mtype668.a(vib-sensor.o)
 .data          0x00000000000360a4        0x0 build/cooja/mtype668.a(clock.o)
 .data          0x00000000000360a4        0x0 build/cooja/mtype668.a(cooja-log.o)
 .data          0x00000000000360a4        0x0 build/cooja/mtype668.a(cfs-cooja.o)
 .data          0x00000000000360a4       0x2c build/cooja/mtype668.a(cooja-radio.o)
                0x00000000000360a4                simRadioHWOn
                0x00000000000360a8                simSignalStrength
                0x00000000000360ac                simLastSignalStrength
                0x00000000000360b0                simPower
                0x00000000000360b4                simRadioChannel
                0x00000000000360b8                simLQI
                0x00000000000360c0                cooja_radio_process
 .data          0x00000000000360d0        0x0 build/cooja/mtype668.a(eeprom.o)
 .data          0x00000000000360d0        0x0 build/cooja/mtype668.a(random.o)
 .data          0x00000000000360d0       0x10 build/cooja/mtype668.a(sensors.o)
                0x00000000000360d0                sensors_process
 .data          0x00000000000360e0        0x0 build/cooja/mtype668.a(leds.o)
 .data          0x00000000000360e0        0x0 build/cooja/mtype668.a(gpio-hal-arch.o)
 .data          0x00000000000360e0       0x78 build/cooja/mtype668.a(buttons.o)
                0x00000000000360e0                simButtonIsActive
                0x0000000000036150                button_hal_buttons
 *fill*         0x0000000000036158        0x8 
 .data          0x0000000000036160       0x24 build/cooja/mtype668.a(res-internal-se)
                0x0000000000036160                res_internal_light_sensor
 *fill*         0x0000000000036184       0x1c 
 .data          0x00000000000361a0       0x24 build/cooja/mtype668.a(res-shutter-act)
                0x00000000000361a0                res_shutter_control
 .data          0x00000000000361c4        0x4 build/cooja/mtype668.a(shutter-actuato)
 .data          0x00000000000361c8        0x0 build/cooja/mtype668.a(presence-sensor)
 .data          0x00000000000361c8        0x0 build/cooja/mtype668.a(internal-sensor)
 .data          0x00000000000361c8        0x0 build/cooja/mtype668.a(coap-blocking-a)
 .data          0x00000000000361c8        0x8 build/cooja/mtype668.a(coap-engine.o)
 *fill*         0x00000000000361d0       0x10 
 .data          0x00000000000361e0       0x24 build/cooja/mtype668.a(coap-res-well-k)
                0x00000000000361e0                res_well_known_core
 .data          0x0000000000036204       0x10 build/cooja/mtype668.a(coap-observe.o)
 .data          0x0000000000036214       0x10 build/cooja/mtype668.a(coap-uip.o)
                0x0000000000036214                coap_engine
 .data          0x0000000000036224        0x4 build/cooja/mtype668.a(coap-timer.o)
 .data          0x0000000000036228       0x10 build/cooja/mtype668.a(coap-transactio)
 .data          0x0000000000036238        0x4 build/cooja/mtype668.a(coap.o)
                0x0000000000036238                coap_error_message
 .data          0x000000000003623c        0x0 build/cooja/mtype668.a(contiki-main.o)
 .data          0x000000000003623c        0x0 build/cooja/mtype668.a(autostart.o)
 .data          0x000000000003623c       0x14 build/cooja/mtype668.a(ctimer.o)
                0x0000000000036240                ctimer_process
 *fill*         0x0000000000036250       0x10 
 .data          0x0000000000036260       0xbc build/cooja/mtype668.a(log.o)
                0x0000000000036260                curr_log_level_main
                0x0000000000036280                all_modules
 .data          0x000000000003631c        0x0 build/cooja/mtype668.a(energest.o)
 .data          0x000000000003631c       0x10 build/cooja/mtype668.a(etimer.o)
                0x000000000003631c                etimer_process
 .data          0x000000000003632c        0x0 build/cooja/mtype668.a(node-id.o)
 .data          0x000000000003632c        0x0 build/cooja/mtype668.a(rtimer.o)
 .data          0x000000000003632c        0x0 build/cooja/mtype668.a(process.o)
 .data          0x000000000003632c        0x0 build/cooja/mtype668.a(timer.o)
 .data          0x000000000003632c        0x0 build/cooja/mtype668.a(list.o)
 .data          0x000000000003632c        0x0 build/cooja/mtype668.a(memb.o)
 .data          0x000000000003632c       0x10 build/cooja/mtype668.a(serial-line.o)
                0x000000000003632c                serial_line_process
 .data          0x000000000003633c        0x4 build/cooja/mtype668.a(gpio-hal.o)
 .data          0x0000000000036340       0x18 build/cooja/mtype668.a(queuebuf.o)
 .data          0x0000000000036358        0x4 build/cooja/mtype668.a(packetbuf.o)
 .data          0x000000000003635c        0x4 build/cooja/mtype668.a(netstack.o)
 .data          0x0000000000036360        0x0 build/cooja/mtype668.a(linkaddr.o)
 .data          0x0000000000036360        0x0 build/cooja/mtype668.a(csma.o)
 .data          0x0000000000036360       0x28 build/cooja/mtype668.a(csma-output.o)
 .data          0x0000000000036388        0x0 build/cooja/mtype668.a(uip-ds6.o)
 .data          0x0000000000036388        0x0 build/cooja/mtype668.a(uip-udp-packet.)
 .data          0x0000000000036388       0x10 build/cooja/mtype668.a(uip-ds6-route.o)
 .data          0x0000000000036398       0x10 build/cooja/mtype668.a(tcpip.o)
                0x0000000000036398                tcpip_process
 .data          0x00000000000363a8        0x0 build/cooja/mtype668.a(uip6.o)
 .data          0x00000000000363a8       0x14 build/cooja/mtype668.a(uip-ds6-nbr.o)
 .data          0x00000000000363bc        0xc build/cooja/mtype668.a(uip-nd6.o)
 .data          0x00000000000363c8        0x0 build/cooja/mtype668.a(sicslowpan.o)
 .data          0x00000000000363c8        0x0 build/cooja/mtype668.a(uiplib.o)
 .data          0x00000000000363c8        0x0 build/cooja/mtype668.a(rpl.o)
 .data          0x00000000000363c8       0x30 build/cooja/mtype668.a(rpl-icmp6.o)
 .data          0x00000000000363f8        0x0 build/cooja/mtype668.a(rpl-dag-root.o)
 .data          0x00000000000363f8        0x0 build/cooja/mtype668.a(watchdog.o)
 .data          0x00000000000363f8       0x10 build/cooja/mtype668.a(coap-timer-defa)
                0x00000000000363f8                coap_timer_process
 .data          0x0000000000036408        0x0 build/cooja/mtype668.a(stimer.o)
 .data          0x0000000000036408        0x0 build/cooja/mtype668.a(ringbuf.o)
 .data          0x0000000000036408        0x0 build/cooja/mtype668.a(assert.o)
 .data          0x0000000000036408       0x10 build/cooja/mtype668.a(nbr-table.o)
 .data          0x0000000000036418       0x14 build/cooja/mtype668.a(link-stats.o)
 .data          0x000000000003642c        0x0 build/cooja/mtype668.a(mac-sequence.o)
 .data          0x000000000003642c        0x0 build/cooja/mtype668.a(mac.o)
 .data          0x000000000003642c        0x0 build/cooja/mtype668.a(framer-802154.o)
 .data          0x000000000003642c        0x2 build/cooja/mtype668.a(frame802154.o)
 .data          0x000000000003642e        0x0 build/cooja/mtype668.a(csma-security.o)
 .data          0x000000000003642e        0x0 build/cooja/mtype668.a(uipbuf.o)
 *fill*         0x000000000003642e        0x2 
 .data          0x0000000000036430       0x20 build/cooja/mtype668.a(uip-icmp6.o)
 .data          0x0000000000036450       0x10 build/cooja/mtype668.a(uip-sr.o)
 .data          0x0000000000036460        0xc build/cooja/mtype668.a(uip-packetqueue)
 .data          0x000000000003646c        0x0 build/cooja/mtype668.a(rpl-nbr-policy.)
 .data          0x000000000003646c       0x14 build/cooja/mtype668.a(rpl-neighbor.o)
                0x000000000003647c                rpl_neighbors
 .data          0x0000000000036480        0x0 build/cooja/mtype668.a(rpl-dag.o)
 .data          0x0000000000036480        0x0 build/cooja/mtype668.a(rpl-timers.o)
 .data          0x0000000000036480        0x0 build/cooja/mtype668.a(rpl-ext-header.)
 .data          0x0000000000036480       0x24 build/cooja/mtype668.a(rpl-mrhof.o)
                0x0000000000036480                rpl_mrhof
 .data          0x00000000000364a4        0x0 /usr/lib/gcc/i686-linux-gnu/5/libgcc.a(_udivdi3.o)
 .data          0x00000000000364a4        0x0 /usr/lib/gcc/i686-linux-gnu/5/crtendS.o
 .data          0x00000000000364a4        0x0 /usr/lib/gcc/i686-linux-gnu/5/../../../i386-linux-gnu/crtn.o

.tm_clone_table
                0x00000000000364a4        0x0
 .tm_clone_table
                0x00000000000364a4        0x0 /usr/lib/gcc/i686-linux-gnu/5/crtbeginS.o
 .tm_clone_table
                0x00000000000364a4        0x0 /usr/lib/gcc/i686-linux-gnu/5/crtendS.o

.data1
 *(.data1)
                0x00000000000364a4                _edata = .
                [!provide]                        PROVIDE (edata, .)
                0x00000000000364a4                . = .
                0x00000000000364a4                __bss_start = .

.bss            0x00000000000364c0    0x13f84
 *(.dynbss)
 .dynbss        0x00000000000364c0        0x0 /usr/lib/gcc/i686-linux-gnu/5/../../../i386-linux-gnu/crti.o
 *(.bss .bss.* .gnu.linkonce.b.*)
 .bss           0x00000000000364c0        0x0 /usr/lib/gcc/i686-linux-gnu/5/../../../i386-linux-gnu/crti.o
 .bss           0x00000000000364c0        0x1 /usr/lib/gcc/i686-linux-gnu/5/crtbeginS.o
 *fill*         0x00000000000364c1       0x1f 
 .bss           0x00000000000364e0      0x13c smartshutter.o
 *fill*         0x000000000003661c        0x4 
 .bss           0x0000000000036620     0x2030 build/cooja/mtype668.o
 .bss           0x0000000000038650        0x1 build/cooja/mtype668.a(simEnvChange.o)
                0x0000000000038650                simDontFallAsleep
 *fill*         0x0000000000038651        0x3 
 .bss           0x0000000000038654        0x4 build/cooja/mtype668.a(cooja_mt.o)
 .bss           0x0000000000038658        0x4 build/cooja/mtype668.a(cooja_mtarch.o)
 .bss           0x000000000003865c        0x0 build/cooja/mtype668.a(rtimer-arch.o)
 .bss           0x000000000003865c        0x4 build/cooja/mtype668.a(int-master.o)
 .bss           0x0000000000038660        0x0 build/cooja/mtype668.a(beep.o)
 .bss           0x0000000000038660        0x1 build/cooja/mtype668.a(leds-arch.o)
                0x0000000000038660                simLedsValue
 .bss           0x0000000000038661        0x0 build/cooja/mtype668.a(moteid.o)
 .bss           0x0000000000038661        0x1 build/cooja/mtype668.a(pir-sensor.o)
                0x0000000000038661                simPirValue
 *fill*         0x0000000000038662        0x2 
 .bss           0x0000000000038664        0x4 build/cooja/mtype668.a(rs232.o)
 .bss           0x0000000000038668        0x1 build/cooja/mtype668.a(vib-sensor.o)
                0x0000000000038668                simVibValue
 .bss           0x0000000000038669        0x0 build/cooja/mtype668.a(clock.o)
 *fill*         0x0000000000038669       0x17 
 .bss           0x0000000000038680     0x2020 build/cooja/mtype668.a(cooja-log.o)
 .bss           0x000000000003a6a0      0xfc0 build/cooja/mtype668.a(cfs-cooja.o)
                0x000000000003a6a0                simCFSData
                0x000000000003b640                simCFSSize
                0x000000000003b644                simCFSChanged
                0x000000000003b648                simCFSRead
                0x000000000003b64c                simCFSWritten
 .bss           0x000000000003b660       0x24 build/cooja/mtype668.a(cooja-radio.o)
                0x000000000003b660                simReceiving
                0x000000000003b664                simInSize
                0x000000000003b668                simLastPacketTimestamp
                0x000000000003b670                simOutSize
 .bss           0x000000000003b684        0xc build/cooja/mtype668.a(eeprom.o)
                0x000000000003b684                simEEPROMChanged
                0x000000000003b688                simEEPROMRead
                0x000000000003b68c                simEEPROMWritten
 .bss           0x000000000003b690        0x0 build/cooja/mtype668.a(random.o)
 .bss           0x000000000003b690        0xc build/cooja/mtype668.a(sensors.o)
 .bss           0x000000000003b69c        0x0 build/cooja/mtype668.a(leds.o)
 .bss           0x000000000003b69c       0x24 build/cooja/mtype668.a(gpio-hal-arch.o)
 .bss           0x000000000003b6c0        0x0 build/cooja/mtype668.a(buttons.o)
 .bss           0x000000000003b6c0        0x4 build/cooja/mtype668.a(res-internal-se)
 .bss           0x000000000003b6c4        0x4 build/cooja/mtype668.a(res-shutter-act)
 .bss           0x000000000003b6c8        0x8 build/cooja/mtype668.a(shutter-actuato)
 .bss           0x000000000003b6d0        0x1 build/cooja/mtype668.a(presence-sensor)
 *fill*         0x000000000003b6d1        0x3 
 .bss           0x000000000003b6d4        0x8 build/cooja/mtype668.a(internal-sensor)
 .bss           0x000000000003b6dc        0x0 build/cooja/mtype668.a(coap-blocking-a)
 *fill*         0x000000000003b6dc        0x4 
 .bss           0x000000000003b6e0      0x190 build/cooja/mtype668.a(coap-engine.o)
 .bss           0x000000000003b870        0x0 build/cooja/mtype668.a(coap-res-well-k)
 *fill*         0x000000000003b870       0x10 
 .bss           0x000000000003b880      0x120 build/cooja/mtype668.a(coap-observe.o)
 .bss           0x000000000003b9a0       0x18 build/cooja/mtype668.a(coap-uip.o)
 .bss           0x000000000003b9b8        0x5 build/cooja/mtype668.a(coap-timer.o)
 *fill*         0x000000000003b9bd        0x3 
 .bss           0x000000000003b9c0      0x334 build/cooja/mtype668.a(coap-transactio)
 .bss           0x000000000003bcf4        0x6 build/cooja/mtype668.a(coap.o)
                0x000000000003bcf4                coap_status_code
 .bss           0x000000000003bcfa        0x0 build/cooja/mtype668.a(contiki-main.o)
 .bss           0x000000000003bcfa        0x0 build/cooja/mtype668.a(autostart.o)
 *fill*         0x000000000003bcfa        0x2 
 .bss           0x000000000003bcfc        0x5 build/cooja/mtype668.a(ctimer.o)
 *fill*         0x000000000003bd01        0x3 
 .bss           0x000000000003bd04       0x2c build/cooja/mtype668.a(log.o)
                0x000000000003bd04                curr_log_level_rpl
                0x000000000003bd08                curr_log_level_tcpip
                0x000000000003bd0c                curr_log_level_ipv6
                0x000000000003bd10                curr_log_level_6lowpan
                0x000000000003bd14                curr_log_level_nullnet
                0x000000000003bd18                curr_log_level_mac
                0x000000000003bd1c                curr_log_level_framer
                0x000000000003bd20                curr_log_level_6top
                0x000000000003bd24                curr_log_level_coap
                0x000000000003bd28                curr_log_level_snmp
                0x000000000003bd2c                curr_log_level_lwm2m
 .bss           0x000000000003bd30        0x0 build/cooja/mtype668.a(energest.o)
 .bss           0x000000000003bd30        0x8 build/cooja/mtype668.a(etimer.o)
 .bss           0x000000000003bd38        0x2 build/cooja/mtype668.a(node-id.o)
                0x000000000003bd38                node_id
 *fill*         0x000000000003bd3a        0x2 
 .bss           0x000000000003bd3c        0x4 build/cooja/mtype668.a(rtimer.o)
 .bss           0x000000000003bd40      0x1a1 build/cooja/mtype668.a(process.o)
                0x000000000003bd40                process_list
                0x000000000003bd44                process_current